// Jest Snapshot v1, https://goo.gl/fbAQLP

exports[`Exercises IT Snapshot Fit In 1`] = `
Array [
  "APP_STARTED",
  "EXERCISE_STARTED",
  "EXERCISE_DESCRIPTION_PRINTED",
  "EXERCISE_BODY_PRINTED",
  "KEY_PRESSED",
  "KEY_PRESSED",
  "KEY_PRESSED",
  "KEY_PRESSED",
  "ANSWER_SUBMITTED",
  "ANSWER_CHECKED",
  "KEY_PRESSED",
  "EXERCISE_NEXT",
  "APP_FINISHED",
]
`;

exports[`Exercises IT Snapshot Fit In 2`] = `
Array [
  "Complete the sentence.",
  "Eu  um chá.",
  "Eu t um chá.",
  "Eu to um chá.",
  "Eu tom um chá.",
  "Eu tomo um chá.",
  "Correct! [keyboard]",
  "Eu ",
  "t",
  "o",
  "m",
  "o",
  "Press key to continue...",
  "r - repeat the answer",
  "e - print explanation",
  "Weekly Statistics:

",
]
`;

exports[`Exercises IT Snapshot NounTranslation 1`] = `
Array [
  "APP_STARTED",
  "EXERCISE_STARTED",
  "EXERCISE_DESCRIPTION_PRINTED",
  "EXERCISE_BODY_PRINTED",
  "KEY_PRESSED",
  "KEY_PRESSED",
  "KEY_PRESSED",
  "KEY_PRESSED",
  "KEY_PRESSED",
  "ANSWER_SUBMITTED",
  "ANSWER_CHECKED",
  "KEY_PRESSED",
  "EXERCISE_NEXT",
  "EXERCISE_STARTED",
  "EXERCISE_DESCRIPTION_PRINTED",
  "EXERCISE_BODY_PRINTED",
  "KEY_PRESSED",
  "KEY_PRESSED",
  "KEY_PRESSED",
  "ANSWER_SUBMITTED",
  "ANSWER_CHECKED",
  "KEY_PRESSED",
  "EXERCISE_NEXT",
  "APP_FINISHED",
]
`;

exports[`Exercises IT Snapshot NounTranslation 2`] = `
Array [
  "English: tea",
  "Portuguese: ",
  "Portuguese: o",
  "Portuguese: o ",
  "Portuguese: o c",
  "Portuguese: o ch",
  "Portuguese: o chá",
  "Correct! [keyboard]",
  "Portuguese: ",
  "o",
  " ",
  "c",
  "h",
  "á",
  "Press key to continue...",
  "r - repeat the answer",
  "Portuguese: o chá",
  "English: ",
  "English: t",
  "English: te",
  "English: tea",
  "Correct! [keyboard]",
  "English: ",
  "t",
  "e",
  "a",
  "Press key to continue...",
  "r - repeat the answer",
  "Weekly Statistics:

",
]
`;

exports[`Exercises IT Snapshot SentenceTranslation 1`] = `
Array [
  "APP_STARTED",
  "EXERCISE_STARTED",
  "EXERCISE_DESCRIPTION_PRINTED",
  "EXERCISE_BODY_PRINTED",
  "KEY_PRESSED",
  "KEY_PRESSED",
  "KEY_PRESSED",
  "KEY_PRESSED",
  "KEY_PRESSED",
  "KEY_PRESSED",
  "KEY_PRESSED",
  "KEY_PRESSED",
  "KEY_PRESSED",
  "KEY_PRESSED",
  "KEY_PRESSED",
  "ANSWER_SUBMITTED",
  "ANSWER_CHECKED",
  "KEY_PRESSED",
  "EXERCISE_NEXT",
  "EXERCISE_STARTED",
  "EXERCISE_DESCRIPTION_PRINTED",
  "EXERCISE_BODY_PRINTED",
  "KEY_PRESSED",
  "KEY_PRESSED",
  "KEY_PRESSED",
  "KEY_PRESSED",
  "KEY_PRESSED",
  "KEY_PRESSED",
  "KEY_PRESSED",
  "KEY_PRESSED",
  "KEY_PRESSED",
  "KEY_PRESSED",
  "KEY_PRESSED",
  "KEY_PRESSED",
  "ANSWER_SUBMITTED",
  "ANSWER_CHECKED",
  "KEY_PRESSED",
  "EXERCISE_NEXT",
  "APP_FINISHED",
]
`;

exports[`Exercises IT Snapshot SentenceTranslation 2`] = `
Array [
  "English: How are you?",
  "Portuguese: ",
  "Portuguese: C",
  "Portuguese: Co",
  "Portuguese: Com",
  "Portuguese: Como",
  "Portuguese: Como ",
  "Portuguese: Como e",
  "Portuguese: Como es",
  "Portuguese: Como est",
  "Portuguese: Como está",
  "Portuguese: Como estás",
  "Portuguese: Como estás?",
  "Correct! [keyboard]",
  "Portuguese: ",
  "C",
  "o",
  "m",
  "o",
  " ",
  "e",
  "s",
  "t",
  "á",
  "s",
  "?",
  "Press key to continue...",
  "r - repeat the answer",
  "Portuguese: Como estás?",
  "English: ",
  "English: H",
  "English: Ho",
  "English: How",
  "English: How ",
  "English: How a",
  "English: How ar",
  "English: How are",
  "English: How are ",
  "English: How are y",
  "English: How are yo",
  "English: How are you",
  "English: How are you?",
  "Correct! [keyboard]",
  "English: ",
  "H",
  "o",
  "w",
  " ",
  "a",
  "r",
  "e",
  " ",
  "y",
  "o",
  "u",
  "?",
  "Press key to continue...",
  "r - repeat the answer",
  "Weekly Statistics:

",
]
`;

exports[`Exercises IT Snapshot Verb 1`] = `
Array [
  "APP_STARTED",
  "EXERCISE_STARTED",
  "EXERCISE_DESCRIPTION_PRINTED",
  "EXERCISE_BODY_PRINTED",
  "KEY_PRESSED",
  "KEY_PRESSED",
  "KEY_PRESSED",
  "KEY_PRESSED",
  "KEY_PRESSED",
  "ANSWER_SUBMITTED",
  "ANSWER_CHECKED",
  "KEY_PRESSED",
  "EXERCISE_NEXT",
  "EXERCISE_STARTED",
  "EXERCISE_DESCRIPTION_PRINTED",
  "EXERCISE_BODY_PRINTED",
  "KEY_PRESSED",
  "KEY_PRESSED",
  "KEY_PRESSED",
  "ANSWER_SUBMITTED",
  "ANSWER_CHECKED",
  "KEY_PRESSED",
  "EXERCISE_NEXT",
  "APP_FINISHED",
]
`;

exports[`Exercises IT Snapshot Verb 2`] = `
Array [
  "Infinitive: to be - moment",
  "Eu: ",
  "Eu: e",
  "Eu: es",
  "Eu: est",
  "Eu: esto",
  "Eu: estou",
  "Correct! [keyboard]",
  "Eu: ",
  "e",
  "s",
  "t",
  "o",
  "u",
  "Press key to continue...",
  "r - repeat the answer",
  "Infinitive: to be - long",
  "Eu: ",
  "Eu: s",
  "Eu: so",
  "Eu: sou",
  "Correct! [keyboard]",
  "Eu: ",
  "s",
  "o",
  "u",
  "Press key to continue...",
  "r - repeat the answer",
  "Weekly Statistics:

",
]
`;
