// Jest Snapshot v1, https://goo.gl/fbAQLP

exports[`Progress Aggregate PT 1`] = `
{
  "exercises": {
    "AdjectiveTranslation": {
      "DONE": {
        "baseWords": [
          "grande",
          "alto",
          "bom",
          "quente",
          "cansado",
          "bonito",
          "velho",
          "triste",
          "responsável",
          "pequeno",
          "novo",
          "longo",
          "forte",
          "fácil",
          "fraco",
          "vazio",
          "cheio",
          "macio",
          "duro",
          "calmo",
          "estragado",
          "estranho",
          "famoso",
          "feliz",
          "frio",
          "gelado",
          "importante",
          "impressionante",
          "juntos",
          "lindo",
          "melhor",
          "mentiroso",
          "simpático",
          "usado",
          "quieto",
          "rápido",
          "pouco",
          "preciso",
          "preguiçoso",
          "perfeito",
          "baixo",
          "feio",
          "lento",
          "curto",
          "estreito",
          "caro",
          "barato",
          "gordo",
          "magro",
          "idoso",
          "pesado",
          "limpo",
          "sujo",
          "seco",
          "molhado",
          "amargo",
          "azedo",
          "salgado",
          "profundo",
          "raso",
          "afiado",
          "cego",
          "surdo",
          "claro",
          "escuro",
          "aventureiro",
          "sério",
          "perigoso",
          "corajoso",
          "desconfiado",
          "atordoado",
          "agradável",
          "vários",
          "castanho",
          "verde",
          "aromático",
          "tonto",
          "sonolento",
          "maldito",
          "chateado",
          "colorido",
          "decorado",
          "iluminado",
          "peludo",
          "pensativo",
          "ético",
          "preso",
        ],
        "count": 87,
      },
      "IN_PROGRESS": {
        "baseWords": [
          "raso",
          "cego",
          "atordoado",
          "vários",
          "verde",
          "irritado",
          "silencioso",
          "aromático",
          "parecido",
          "saboroso",
          "tonto",
          "maldito",
          "iluminado",
          "peludo",
          "desapontado",
        ],
        "count": 15,
      },
      "NEVER_DONE": {
        "baseWords": [
          "corajoso",
          "agradável",
          "vários",
          "irritado",
          "silencioso",
          "aromático",
          "parecido",
          "saboroso",
          "tonto",
          "sonolento",
          "chateado",
          "colorido",
          "decorado",
          "ligado",
          "iluminado",
          "peludo",
          "pensativo",
          "ético",
          "desapontado",
          "preso",
        ],
        "count": 20,
      },
    },
    "GermanCaseExercise": {
      "DONE": {
        "baseWords": [],
        "count": 0,
      },
      "IN_PROGRESS": {
        "baseWords": [],
        "count": 0,
      },
      "NEVER_DONE": {
        "baseWords": [],
        "count": 0,
      },
    },
    "GermanNounTranslation": {
      "DONE": {
        "baseWords": [],
        "count": 0,
      },
      "IN_PROGRESS": {
        "baseWords": [],
        "count": 0,
      },
      "NEVER_DONE": {
        "baseWords": [],
        "count": 0,
      },
    },
    "GermanOtherTranslation": {
      "DONE": {
        "baseWords": [],
        "count": 0,
      },
      "IN_PROGRESS": {
        "baseWords": [],
        "count": 0,
      },
      "NEVER_DONE": {
        "baseWords": [],
        "count": 0,
      },
    },
    "GermanVerbExercise": {
      "DONE": {
        "baseWords": [],
        "count": 0,
      },
      "IN_PROGRESS": {
        "baseWords": [],
        "count": 0,
      },
      "NEVER_DONE": {
        "baseWords": [],
        "count": 0,
      },
    },
    "GermanVerbTranslation": {
      "DONE": {
        "baseWords": [],
        "count": 0,
      },
      "IN_PROGRESS": {
        "baseWords": [],
        "count": 0,
      },
      "NEVER_DONE": {
        "baseWords": [],
        "count": 0,
      },
    },
    "NounTranslation": {
      "DONE": {
        "baseWords": [
          "cidade",
          "chá",
          "livro",
          "namorada",
          "tempo",
          "rua",
          "mesa",
          "desporto",
          "jantar",
          "almoço",
          "comida",
          "cozinha",
          "computador",
          "casa-de-banho",
          "aula",
          "ano",
          "mês",
          "semana",
          "sobremesa",
          "bolo",
          "garrafa",
          "galinha",
          "planta",
          "flor",
          "sopa",
          "bebida",
          "água",
          "porta",
          "janela",
          "peixe",
          "queijo",
          "varanda",
          "apartamento",
          "casa",
          "mulher",
          "homem",
          "chão",
          "mãe",
          "pai",
          "banheira",
          "luz",
          "secretária",
          "irmã",
          "irmão",
          "escadas",
          "calculadora",
          "avião",
          "segundo",
          "minuto",
          "barco",
          "navio",
          "casaco",
          "camisola",
          "telemóvel",
          "almofada",
          "cadeira",
          "cabelo",
          "braço",
          "perna",
          "pé",
          "bicicleta",
          "forno",
          "frigideira",
          "lavatório",
          "sanita",
          "faca",
          "colher",
          "garfo",
          "panela",
          "copo",
          "caneca",
          "prato",
          "sofá",
          "quadro",
          "parede",
          "micro-ondas",
          "toalha",
          "sabonete",
          "frigorífico",
          "congelador",
          "caixote do lixo",
          "pasta dos dentes",
          "espelho",
          "guardanapo",
          "taça",
          "caixa",
          "árvore",
          "rapariga",
          "amigo",
          "zero",
          "um",
          "dois",
          "três",
          "quatro",
          "cinco",
          "seis",
          "sete",
          "oito",
          "nove",
          "dez",
          "onze",
          "doze",
          "treze",
          "catorze",
          "quinze",
          "dezasseis",
          "dezassete",
          "dezoito",
          "dezanove",
          "vinte",
          "vinte e um",
          "vinte e dois",
          "vinte e três",
          "trinta",
          "quarenta",
          "cinquenta",
          "sessenta",
          "setenta",
          "oitenta",
          "noventa",
          "cem",
          "vez",
          "forma",
          "parte",
          "estado",
          "governo",
          "trabalho",
          "grupo",
          "terra",
          "nome",
          "filho",
          "problema",
          "empresa",
          "direito",
          "sistema",
          "região",
          "ponto",
          "fim",
          "lâmpada",
          "prateleira",
          "maquina de lavar",
          "ar",
          "folha",
          "floresta",
          "praia",
          "Páscoa",
          "Natal",
          "conhecimento",
          "espinafre",
          "ginásio",
          "cabo",
          "saco",
          "centro comercial",
          "parque",
          "espaço",
          "pensamento",
          "ideia",
          "aquecedor",
          "decoração",
          "tupperware",
          "contentor",
          "futuro",
          "música",
          "pescoço",
          "umbigo",
          "dedo",
          "nariz",
          "cabeça",
          "dor",
          "tapete",
          "conversa",
          "mensagem",
          "comboio",
          "armário",
          "filme",
          "areia",
          "saúde",
          "piano",
          "persiana",
          "cama",
          "quarto",
          "maça",
          "paz",
          "plano",
          "mel",
          "gengibre",
          "acidente",
          "aeroporto",
          "caminho",
          "carro",
          "carta",
          "causa",
          "acusação",
          "aniversário",
          "arredor",
          "arte",
          "assunto",
          "autor",
          "banho",
          "bola",
          "cachorro",
          "café",
          "caminhada",
          "camião",
          "carga",
          "carteira",
          "colega",
          "condição",
          "contrato",
          "deus",
          "dia",
          "dinheiro",
          "disco",
          "diálogo",
          "fome",
          "fotografia",
          "funcionário",
          "fábrica",
          "gaveta",
          "guitarra",
          "habilidade",
          "história",
          "hora",
          "imposto",
          "informação",
          "instrução",
          "lado",
          "lixo",
          "loiça",
          "língua",
          "manhã",
          "meia",
          "mochila",
          "morango",
          "vestido",
          "vida",
          "visita",
          "volta",
          "vítima",
          "televisão",
          "teoria",
          "teste",
          "texto",
          "universidade",
          "vaga",
          "supermercado",
          "talento",
          "tarde",
          "telefone",
          "sapato",
          "serviço",
          "situação",
          "solução",
          "sugestão",
          "reação",
          "regra",
          "resposta",
          "restaurante",
          "reunião",
          "salário",
          "produto",
          "professora",
          "projeto",
          "prova",
          "prática",
          "preço",
          "pessoa",
          "opinião",
          "pacote",
          "mundo",
          "amor",
          "escola",
          "jardim",
          "animal",
          "família",
          "loja",
          "chave",
          "cor",
          "estação",
          "hotel",
          "autocarro",
          "papel",
          "caneta",
          "verão",
          "inverno",
          "primavera",
          "outono",
          "montanha",
          "rio",
          "pão",
          "vinho",
          "sal",
          "feriado",
          "relógio",
          "fogo",
          "noite",
          "sonho",
          "som",
          "ilha",
          "estrela",
          "coração",
          "praça",
          "mão",
          "ovo",
          "olho",
          "dente",
          "sorriso",
          "céu",
          "nuvem",
          "sentido",
          "número",
          "viagem",
          "mercado",
          "política",
          "entrada",
          "saída",
          "revista",
          "máquina",
          "anel",
          "brinco",
          "prédio",
          "aluno",
          "terraço",
          "gravata",
          "construção",
          "igreja",
          "fazenda",
          "campo",
          "ponte",
          "edifício",
          "escada",
          "poema",
          "museu",
          "pincel",
          "tinta",
          "concerto",
          "fonte",
          "ingrediente",
          "picada",
          "tempestade",
          "reflexo",
          "comércio",
          "diploma",
          "conferência",
          "debate",
          "sala",
          "escritório",
          "mentira",
          "castelo",
          "planeta",
          "biscoito",
          "doce",
          "erva",
          "sombra",
          "voz",
          "rosto",
          "saia",
          "reino",
          "chefe",
          "cavalo",
          "espada",
          "bolsa",
          "ouro",
          "moeda",
          "medo",
          "ordem",
          "envelope",
          "declaração",
          "segurança",
          "margem",
          "sorte",
          "noiva",
          "ruído",
          "corda",
          "telhado",
          "torre",
          "pensão",
          "lobo",
          "vidro",
          "lanterna",
          "horta",
          "legume",
          "fruto",
          "lugar",
          "cesto",
          "corvo",
          "pata",
          "bruxa",
          "ladra",
          "bar",
          "coluna",
          "placa",
          "aranha",
          "gigante",
          "socorro",
          "teia",
          "canto",
          "sinal",
          "conselho",
          "mar",
          "marca",
          "máscara",
          "massa",
          "material",
          "matriz",
          "microfone",
          "milha",
          "modelo",
          "modo",
          "morte",
          "motivo",
          "motor",
          "movimento",
          "músico",
          "festa",
          "final",
          "foco",
          "foto",
          "frente",
          "função",
          "gato",
          "gosto",
          "graça",
          "gráfico",
          "guerra",
          "hábito",
          "hospital",
          "idade",
          "instrumento",
          "juiz",
          "lago",
          "lanche",
          "lembrete",
          "limite",
          "lista",
          "lógica",
          "país",
          "momento",
          "processo",
          "estudo",
          "programa",
          "jogo",
          "exemplo",
          "curso",
          "palavra",
          "mapa",
          "linha",
          "membro",
          "lei",
          "fato",
          "atividade",
          "letra",
          "estrada",
          "tipo",
          "criança",
          "imagem",
          "peça",
          "visão",
          "conta",
          "corpo",
          "destino",
          "doença",
          "emprego",
          "equipe",
          "exame",
          "explicação",
          "faculdade",
          "investimento",
          "menino",
          "roda",
          "sentimento",
          "teatro",
          "versão",
        ],
        "count": 473,
      },
      "IN_PROGRESS": {
        "baseWords": [
          "outono",
          "ingrediente",
          "reflexo",
          "comércio",
          "escritório",
          "noiva",
          "cesto",
          "sinal",
          "conselho",
          "massa",
          "material",
          "matéria",
          "memória",
          "método",
          "milagre",
          "milha",
          "modelo",
          "motivo",
          "motor",
          "movimento",
          "músico",
          "nascimento",
          "necessidade",
          "festa",
          "foto",
          "frase",
          "frente",
          "função",
          "fundo",
          "gênero",
          "graça",
          "guerra",
          "hábito",
          "herói",
          "índice",
          "indivíduo",
          "início",
          "inimigo",
          "instrumento",
          "interesse",
          "investigação",
          "jornal",
          "juiz",
          "lanche",
          "líder",
          "lembrete",
          "limite",
          "lógica",
          "caso",
          "momento",
          "nível",
          "processo",
          "estudo",
          "programa",
          "exemplo",
          "curso",
          "mapa",
          "companhia",
          "linha",
          "lei",
          "questão",
          "fato",
          "área",
          "atividade",
          "imagem",
          "peça",
          "razão",
          "relação",
          "uso",
          "visão",
          "desejo",
          "direção",
          "doença",
          "dúvida",
          "efeito",
          "emprego",
          "equipe",
          "erro",
          "estilo",
          "estrutura",
          "exame",
          "experiência",
          "explicação",
          "expressão",
          "faculdade",
          "falha",
          "fase",
          "investimento",
          "menino",
          "roda",
          "teatro",
          "vantagem",
          "versão",
        ],
        "count": 93,
      },
      "NEVER_DONE": {
        "baseWords": [
          "coisa",
          "matéria",
          "memória",
          "método",
          "nascimento",
          "necessidade",
          "final",
          "frase",
          "função",
          "fundo",
          "gênero",
          "gráfico",
          "guerra",
          "hábito",
          "herói",
          "índice",
          "indivíduo",
          "início",
          "inimigo",
          "interesse",
          "investigação",
          "jornal",
          "líder",
          "lembrete",
          "lógica",
          "caso",
          "nível",
          "companhia",
          "membro",
          "questão",
          "fato",
          "área",
          "tipo",
          "peça",
          "razão",
          "relação",
          "uso",
          "visão",
          "desejo",
          "destino",
          "direção",
          "doença",
          "dúvida",
          "efeito",
          "erro",
          "estilo",
          "estrutura",
          "exame",
          "experiência",
          "explicação",
          "expressão",
          "falha",
          "fase",
          "roda",
          "teatro",
          "vantagem",
        ],
        "count": 56,
      },
    },
    "OtherTranslation": {
      "DONE": {
        "baseWords": [
          "não",
          "debaixo",
          "trás",
          "atrás",
          "ao lado de",
          "em cima de",
          "no",
          "entre",
          "antes",
          "depois",
          "hoje",
          "ontem",
          "amanhã",
          "desde",
          "quando",
          "onde",
          "quem",
          "ninguém",
          "toda a gente",
          "próximo",
          "anterior",
          "último",
          "primeiro",
          "segunda-feira",
          "terça-feira",
          "quarta-feira",
          "quinta-feira",
          "sexta-feira",
          "sábado",
          "domingo",
          "único",
          "todos",
          "nenhum",
          "nunca",
          "sempre",
          "algumas vezes",
          "muitas vezes",
          "frequentemente",
          "meio",
          "quarto",
          "inteiro",
          "parte de",
          "eu",
          "tu",
          "ela",
          "ele",
          "eles",
          "nos",
          "Janeiro",
          "Fevereiro",
          "Março",
          "Abril",
          "Maio",
          "Junho",
          "Julho",
          "Agosto",
          "Setembro",
          "Outubro",
          "Novembro",
          "Dezembro",
          "á volta de",
          "perto",
          "longe",
          "e",
          "ou",
          "com",
          "aqui",
          "até",
          "tudo",
          "verdade",
          "sobre",
          "essa",
          "agora",
          "ambos",
          "atenciosamente",
          "bem",
          "cedo",
          "demais",
          "depressa",
          "fora",
          "mesmo",
          "mais",
          "muito",
          "novamente",
          "pacientemente",
          "como se",
          "quanto",
          "quase",
          "rapidamente",
          "se",
          "lentamente",
          "ali",
          "lá",
          "acima",
          "abaixo",
          "dentro",
          "logo",
          "então",
          "ainda",
          "já",
          "apenas",
          "também",
          "mais ou menos",
          "cerca",
          "aproximadamente",
          "talvez",
          "provavelmente",
          "possivelmente",
          "realmente",
          "especialmente",
          "finalmente",
          "geralmente",
          "durante",
          "esquerda",
          "direita",
          "alguém",
          "assim",
          "se calhar",
          "repente",
        ],
        "count": 119,
      },
      "IN_PROGRESS": {
        "baseWords": [
          "ninguém",
          "meio",
          "Maio",
          "Outubro",
          "lá",
          "ainda",
          "apenas",
          "mais ou menos",
          "cerca",
          "aproximadamente",
          "talvez",
          "provavelmente",
          "possivelmente",
          "realmente",
          "efetivamente",
          "esquerda",
          "alguém",
          "se calhar",
          "repente",
        ],
        "count": 19,
      },
      "NEVER_DONE": {
        "baseWords": [
          "pois",
          "que",
          "mas",
          "sim",
          "si",
          "adeus",
          "me",
          "só",
          "porque",
          "você",
          "sr",
          "senhor",
          "sem",
          "olá",
          "embora",
          "te",
          "qualquer",
          "num",
          "nem",
          "ti",
          "tão",
          "vós",
          "mim",
          "vocês",
          "seja",
          "nos",
          "nós",
          "algo",
          "vá",
          "vos",
          "às",
          "qual",
          "será",
          "cá",
          "aí",
        ],
        "count": 35,
      },
    },
    "OtherWithGenderTranslation": {
      "DONE": {
        "baseWords": [],
        "count": 0,
      },
      "IN_PROGRESS": {
        "baseWords": [],
        "count": 0,
      },
      "NEVER_DONE": {
        "baseWords": [
          "do",
          "pelo",
          "o",
          "um",
          "no",
          "este",
          "meu",
          "obrigado",
          "esse",
          "aquele",
          "seu",
          "ao",
          "teu",
          "outro",
          "lhe",
          "todo",
          "nosso",
          "algum",
        ],
        "count": 18,
      },
    },
    "PolishNounTranslation": {
      "DONE": {
        "baseWords": [],
        "count": 0,
      },
      "IN_PROGRESS": {
        "baseWords": [],
        "count": 0,
      },
      "NEVER_DONE": {
        "baseWords": [],
        "count": 0,
      },
    },
    "PolishOtherTranslation": {
      "DONE": {
        "baseWords": [],
        "count": 0,
      },
      "IN_PROGRESS": {
        "baseWords": [],
        "count": 0,
      },
      "NEVER_DONE": {
        "baseWords": [],
        "count": 0,
      },
    },
    "PolishVerbExercise": {
      "DONE": {
        "baseWords": [],
        "count": 0,
      },
      "IN_PROGRESS": {
        "baseWords": [],
        "count": 0,
      },
      "NEVER_DONE": {
        "baseWords": [],
        "count": 0,
      },
    },
    "PolishVerbTranslation": {
      "DONE": {
        "baseWords": [],
        "count": 0,
      },
      "IN_PROGRESS": {
        "baseWords": [],
        "count": 0,
      },
      "NEVER_DONE": {
        "baseWords": [],
        "count": 0,
      },
    },
    "VerbExercise": {
      "DONE": {
        "baseWords": [
          "ser",
          "estar",
          "ir",
          "ter",
          "querer",
          "ver",
          "fazer",
          "saber",
          "ler",
          "dizer",
          "poder",
          "chamar-se",
          "apresentar-se",
          "pegar",
          "tocar",
          "dançar",
          "dormir",
          "explicar",
          "negar",
          "servir",
          "transformar-se",
          "significar",
          "prover",
          "ouvir",
          "pedir",
          "brincar",
          "sorrir",
          "rir",
          "trincar",
          "adormecer",
          "fugir",
          "piscar",
          "conhecer",
          "descer",
          "aquecer",
          "esquecer",
          "levantar-se",
          "vestir",
          "despir",
          "conseguir",
          "sentir",
          "traduzir",
          "preferir",
          "conduzir",
          "pôr",
          "acontecer",
          "alcançar",
          "aplicar",
          "cair",
          "carregar",
          "chegar",
          "seguir",
          "trazer",
          "subir",
          "convencer",
        ],
        "count": 55,
      },
      "IN_PROGRESS": {
        "baseWords": [
          "poder",
          "chamar-se",
          "apresentar-se",
          "pôr",
          "pegar",
          "tocar",
          "passear",
          "acontecer",
          "alcançar",
          "aplicar",
          "cair",
          "carregar",
          "chegar",
          "dançar",
          "dar",
          "dormir",
          "explicar",
          "negar",
          "seguir",
          "servir",
          "sugerir",
          "trazer",
          "transformar-se",
          "significar",
          "prover",
          "permanecer",
          "obter",
          "brincar",
          "sorrir",
          "subir",
          "trincar",
          "adormecer",
          "fugir",
          "convencer",
          "piscar",
          "esquecer",
          "corrigir",
          "conseguir",
          "traduzir",
          "preferir",
          "conduzir",
          "sair",
          "pedir",
          "oferecer",
          "rir",
        ],
        "count": 45,
      },
      "NEVER_DONE": {
        "baseWords": [
          "carregar",
          "dar",
          "dormir",
          "sair",
          "seguir",
          "sugerir",
          "trazer",
          "transformar-se",
          "significar",
          "permanecer",
          "ouvir",
          "pedir",
          "oferecer",
          "obter",
          "brincar",
          "sorrir",
          "subir",
          "rir",
          "trincar",
          "adormecer",
          "fugir",
          "convencer",
          "coçar",
          "piscar",
          "haver",
          "parecer",
          "corrigir",
          "passear",
          "aplicar",
          "cair",
          "chegar",
          "dançar",
          "explicar",
          "negar",
          "vir",
          "prover",
          "ser",
          "estar",
          "ter",
          "querer",
        ],
        "count": 40,
      },
    },
    "VerbTranslation": {
      "DONE": {
        "baseWords": [
          "ser",
          "estar",
          "ir",
          "ter",
          "querer",
          "ver",
          "fazer",
          "saber",
          "ler",
          "dizer",
          "poder",
          "falar",
          "comer",
          "abrir",
          "achar",
          "andar",
          "beber",
          "entrar",
          "morar",
          "olhar",
          "chamar-se",
          "trabalhar",
          "cumprimentar",
          "apresentar-se",
          "encontrar",
          "perguntar",
          "jogar",
          "escrever",
          "compreender",
          "conhecer",
          "resolver",
          "descer",
          "aquecer",
          "viver",
          "correr",
          "aprender",
          "esquecer",
          "usar",
          "almoçar",
          "telefonar",
          "pagar",
          "tomar",
          "ficar",
          "levantar-se",
          "comprar",
          "ensinar",
          "fechar",
          "gostar",
          "começar",
          "lavar",
          "acabar",
          "apanhar",
          "vestir",
          "dividir",
          "despir",
          "corrigir",
          "decidir",
          "conseguir",
          "sentir",
          "traduzir",
          "partir",
          "preferir",
          "discutir",
          "conduzir",
          "permitir",
          "organizar",
          "limpar",
          "pôr",
          "cuidar",
          "mandar",
          "encher",
          "pegar",
          "tocar",
          "ajudar",
          "passear",
          "acreditar",
          "acontecer",
          "adorar",
          "alcançar",
          "alterar",
          "aplicar",
          "assegurar",
          "assinar",
          "aumentar",
          "cair",
          "carregar",
          "chegar",
          "concentrar",
          "continuar",
          "conversar",
          "criar",
          "dançar",
          "dar",
          "definir",
          "determinar",
          "dormir",
          "enviar",
          "esperar",
          "estudar",
          "explicar",
          "fumar",
          "gastar",
          "lembrar",
          "mencionar",
          "mudar",
          "negar",
          "parar",
          "passar",
          "pensar",
          "poupar",
          "preparar",
          "quebrar",
          "realizar",
          "refletir",
          "sair",
          "seguir",
          "servir",
          "sugerir",
          "tentar",
          "virar",
          "vender",
          "trazer",
          "transformar-se",
          "transportar",
          "sofrer",
          "segurar",
          "significar",
          "salvar",
          "sarar",
          "prover",
          "romper",
          "permanecer",
          "precisar",
          "ouvir",
          "pedir",
          "oferecer",
          "obter",
          "ocorrer",
          "mover",
          "mostrar",
          "brincar",
          "viajar",
          "atravessar",
          "promover",
          "casar",
          "levar",
          "agarrar",
          "responder",
          "sorrir",
          "suspirar",
          "nadar",
          "voar",
          "soltar",
          "separar",
          "voltar",
          "abanar",
          "gritar",
          "subir",
          "envenenar",
          "cantar",
          "rir",
          "assustar",
          "trincar",
          "sentar",
          "adormecer",
          "acordar",
          "reparar",
          "defender",
          "fugir",
          "convencer",
          "coçar",
          "bater",
          "piscar",
          "deixar",
          "avistar",
          "saltar",
          "mexer",
          "atirar",
          "puxar",
        ],
        "count": 179,
      },
      "IN_PROGRESS": {
        "baseWords": [
          "tomar",
          "ensinar",
          "começar",
          "vestir",
          "dividir",
          "corrigir",
          "conseguir",
          "partir",
          "preferir",
          "organizar",
          "mandar",
          "encher",
          "acreditar",
          "alterar",
          "assegurar",
          "aumentar",
          "cair",
          "conversar",
          "explicar",
          "gastar",
          "mudar",
          "poupar",
          "quebrar",
          "servir",
          "transportar",
          "sofrer",
          "segurar",
          "salvar",
          "sarar",
          "prover",
          "romper",
          "permanecer",
          "precisar",
          "pedir",
          "oferecer",
          "obter",
          "ocorrer",
          "mostrar",
          "atravessar",
          "agarrar",
          "suspirar",
          "voar",
          "soltar",
          "empurrar",
          "abanar",
          "gritar",
          "subir",
          "envenenar",
          "assustar",
          "trincar",
          "adormecer",
          "acordar",
          "convencer",
          "coçar",
          "bater",
          "avistar",
          "atirar",
          "acertar",
        ],
        "count": 58,
      },
      "NEVER_DONE": {
        "baseWords": [
          "vir",
          "acertar",
          "haver",
          "dever",
          "parecer",
        ],
        "count": 5,
      },
    },
  },
  "pointsMissing": [
    {
      "baseWord": "outono",
      "incorrectAnswers": 22,
      "pointsMissing": 15,
      "total": 1665,
    },
    {
      "baseWord": "pôr",
      "incorrectAnswers": 57,
      "pointsMissing": 47,
      "total": 1472,
    },
    {
      "baseWord": "comércio",
      "incorrectAnswers": 17,
      "pointsMissing": 26,
      "total": 1301,
    },
    {
      "baseWord": "poder",
      "incorrectAnswers": 37,
      "pointsMissing": 52,
      "total": 977,
    },
    {
      "baseWord": "conselho",
      "incorrectAnswers": 13,
      "pointsMissing": -4,
      "total": 971,
    },
    {
      "baseWord": "conseguir",
      "incorrectAnswers": 36,
      "pointsMissing": 55,
      "total": 955,
    },
    {
      "baseWord": "passear",
      "incorrectAnswers": 36,
      "pointsMissing": 31,
      "total": 931,
    },
    {
      "baseWord": "carregar",
      "incorrectAnswers": 33,
      "pointsMissing": 25,
      "total": 850,
    },
    {
      "baseWord": "matéria",
      "incorrectAnswers": 11,
      "pointsMissing": -8,
      "total": 817,
    },
    {
      "baseWord": "reflexo",
      "incorrectAnswers": 10,
      "pointsMissing": 18,
      "total": 768,
    },
    {
      "baseWord": "cesto",
      "incorrectAnswers": 10,
      "pointsMissing": 9,
      "total": 759,
    },
    {
      "baseWord": "escritório",
      "incorrectAnswers": 9,
      "pointsMissing": 17,
      "total": 692,
    },
    {
      "baseWord": "noiva",
      "incorrectAnswers": 9,
      "pointsMissing": 11,
      "total": 686,
    },
    {
      "baseWord": "ninguém",
      "incorrectAnswers": 26,
      "pointsMissing": 32,
      "total": 682,
    },
    {
      "baseWord": "cair",
      "incorrectAnswers": 25,
      "pointsMissing": 12,
      "total": 637,
    },
    {
      "baseWord": "ingrediente",
      "incorrectAnswers": 8,
      "pointsMissing": 15,
      "total": 615,
    },
    {
      "baseWord": "aproximadamente",
      "incorrectAnswers": 23,
      "pointsMissing": 32,
      "total": 607,
    },
    {
      "baseWord": "dar",
      "incorrectAnswers": 21,
      "pointsMissing": 19,
      "total": 544,
    },
    {
      "baseWord": "sinal",
      "incorrectAnswers": 7,
      "pointsMissing": 10,
      "total": 535,
    },
    {
      "baseWord": "memória",
      "incorrectAnswers": 7,
      "pointsMissing": -6,
      "total": 519,
    },
    {
      "baseWord": "razão",
      "incorrectAnswers": 7,
      "pointsMissing": -7,
      "total": 518,
    },
    {
      "baseWord": "explicar",
      "incorrectAnswers": 18,
      "pointsMissing": 23,
      "total": 473,
    },
    {
      "baseWord": "provavelmente",
      "incorrectAnswers": 18,
      "pointsMissing": 21,
      "total": 471,
    },
    {
      "baseWord": "milagre",
      "incorrectAnswers": 6,
      "pointsMissing": 2,
      "total": 452,
    },
    {
      "baseWord": "pegar",
      "incorrectAnswers": 17,
      "pointsMissing": 23,
      "total": 448,
    },
    {
      "baseWord": "alcançar",
      "incorrectAnswers": 17,
      "pointsMissing": 22,
      "total": 447,
    },
    {
      "baseWord": "necessidade",
      "incorrectAnswers": 6,
      "pointsMissing": -6,
      "total": 444,
    },
    {
      "baseWord": "herói",
      "incorrectAnswers": 6,
      "pointsMissing": -6,
      "total": 444,
    },
    {
      "baseWord": "interesse",
      "incorrectAnswers": 6,
      "pointsMissing": -6,
      "total": 444,
    },
    {
      "baseWord": "expressão",
      "incorrectAnswers": 6,
      "pointsMissing": -6,
      "total": 444,
    },
    {
      "baseWord": "meio",
      "incorrectAnswers": 17,
      "pointsMissing": 13,
      "total": 438,
    },
    {
      "baseWord": "apenas",
      "incorrectAnswers": 16,
      "pointsMissing": 27,
      "total": 427,
    },
    {
      "baseWord": "traduzir",
      "incorrectAnswers": 16,
      "pointsMissing": 23,
      "total": 423,
    },
    {
      "baseWord": "seguir",
      "incorrectAnswers": 16,
      "pointsMissing": 12,
      "total": 412,
    },
    {
      "baseWord": "segurar",
      "incorrectAnswers": 16,
      "pointsMissing": 8,
      "total": 408,
    },
    {
      "baseWord": "aplicar",
      "incorrectAnswers": 16,
      "pointsMissing": -1,
      "total": 399,
    },
    {
      "baseWord": "empurrar",
      "incorrectAnswers": 15,
      "pointsMissing": 22,
      "total": 397,
    },
    {
      "baseWord": "acontecer",
      "incorrectAnswers": 15,
      "pointsMissing": 19,
      "total": 394,
    },
    {
      "baseWord": "servir",
      "incorrectAnswers": 15,
      "pointsMissing": 17,
      "total": 392,
    },
    {
      "baseWord": "corrigir",
      "incorrectAnswers": 15,
      "pointsMissing": 5,
      "total": 380,
    },
    {
      "baseWord": "obter",
      "incorrectAnswers": 15,
      "pointsMissing": 3,
      "total": 378,
    },
    {
      "baseWord": "método",
      "incorrectAnswers": 5,
      "pointsMissing": 1,
      "total": 376,
    },
    {
      "baseWord": "tomar",
      "incorrectAnswers": 14,
      "pointsMissing": 26,
      "total": 376,
    },
    {
      "baseWord": "material",
      "incorrectAnswers": 5,
      "pointsMissing": -2,
      "total": 373,
    },
    {
      "baseWord": "motivo",
      "incorrectAnswers": 5,
      "pointsMissing": -4,
      "total": 371,
    },
    {
      "baseWord": "uso",
      "incorrectAnswers": 5,
      "pointsMissing": -4,
      "total": 371,
    },
    {
      "baseWord": "fase",
      "incorrectAnswers": 5,
      "pointsMissing": -4,
      "total": 371,
    },
    {
      "baseWord": "inimigo",
      "incorrectAnswers": 5,
      "pointsMissing": -5,
      "total": 370,
    },
    {
      "baseWord": "chamar-se",
      "incorrectAnswers": 14,
      "pointsMissing": 18,
      "total": 368,
    },
    {
      "baseWord": "atirar",
      "incorrectAnswers": 15,
      "pointsMissing": -7,
      "total": 368,
    },
    {
      "baseWord": "atordoado",
      "incorrectAnswers": 14,
      "pointsMissing": 16,
      "total": 366,
    },
    {
      "baseWord": "raso",
      "incorrectAnswers": 14,
      "pointsMissing": 11,
      "total": 361,
    },
    {
      "baseWord": "preferir",
      "incorrectAnswers": 13,
      "pointsMissing": 20,
      "total": 345,
    },
    {
      "baseWord": "efetivamente",
      "incorrectAnswers": 13,
      "pointsMissing": 19,
      "total": 344,
    },
    {
      "baseWord": "adormecer",
      "incorrectAnswers": 13,
      "pointsMissing": 4,
      "total": 329,
    },
    {
      "baseWord": "tocar",
      "incorrectAnswers": 13,
      "pointsMissing": 1,
      "total": 326,
    },
    {
      "baseWord": "subir",
      "incorrectAnswers": 13,
      "pointsMissing": 1,
      "total": 326,
    },
    {
      "baseWord": "esquecer",
      "incorrectAnswers": 12,
      "pointsMissing": 23,
      "total": 323,
    },
    {
      "baseWord": "lá",
      "incorrectAnswers": 12,
      "pointsMissing": 18,
      "total": 318,
    },
    {
      "baseWord": "possivelmente",
      "incorrectAnswers": 12,
      "pointsMissing": 17,
      "total": 317,
    },
    {
      "baseWord": "sorrir",
      "incorrectAnswers": 12,
      "pointsMissing": 0,
      "total": 300,
    },
    {
      "baseWord": "oferecer",
      "incorrectAnswers": 12,
      "pointsMissing": 0,
      "total": 300,
    },
    {
      "baseWord": "permanecer",
      "incorrectAnswers": 12,
      "pointsMissing": -2,
      "total": 298,
    },
    {
      "baseWord": "companhia",
      "incorrectAnswers": 4,
      "pointsMissing": -2,
      "total": 298,
    },
    {
      "baseWord": "índice",
      "incorrectAnswers": 4,
      "pointsMissing": -3,
      "total": 297,
    },
    {
      "baseWord": "relação",
      "incorrectAnswers": 4,
      "pointsMissing": -3,
      "total": 297,
    },
    {
      "baseWord": "dúvida",
      "incorrectAnswers": 4,
      "pointsMissing": -3,
      "total": 297,
    },
    {
      "baseWord": "experiência",
      "incorrectAnswers": 4,
      "pointsMissing": -3,
      "total": 297,
    },
    {
      "baseWord": "nascimento",
      "incorrectAnswers": 4,
      "pointsMissing": -4,
      "total": 296,
    },
    {
      "baseWord": "gênero",
      "incorrectAnswers": 4,
      "pointsMissing": -4,
      "total": 296,
    },
    {
      "baseWord": "indivíduo",
      "incorrectAnswers": 4,
      "pointsMissing": -4,
      "total": 296,
    },
    {
      "baseWord": "início",
      "incorrectAnswers": 4,
      "pointsMissing": -4,
      "total": 296,
    },
    {
      "baseWord": "caso",
      "incorrectAnswers": 4,
      "pointsMissing": -4,
      "total": 296,
    },
    {
      "baseWord": "área",
      "incorrectAnswers": 4,
      "pointsMissing": -4,
      "total": 296,
    },
    {
      "baseWord": "visão",
      "incorrectAnswers": 4,
      "pointsMissing": -4,
      "total": 296,
    },
    {
      "baseWord": "direção",
      "incorrectAnswers": 4,
      "pointsMissing": -4,
      "total": 296,
    },
    {
      "baseWord": "doença",
      "incorrectAnswers": 4,
      "pointsMissing": -4,
      "total": 296,
    },
    {
      "baseWord": "vantagem",
      "incorrectAnswers": 4,
      "pointsMissing": -4,
      "total": 296,
    },
    {
      "baseWord": "ainda",
      "incorrectAnswers": 11,
      "pointsMissing": 18,
      "total": 293,
    },
    {
      "baseWord": "significar",
      "incorrectAnswers": 11,
      "pointsMissing": 9,
      "total": 284,
    },
    {
      "baseWord": "Outubro",
      "incorrectAnswers": 11,
      "pointsMissing": 9,
      "total": 284,
    },
    {
      "baseWord": "prover",
      "incorrectAnswers": 11,
      "pointsMissing": 8,
      "total": 283,
    },
    {
      "baseWord": "sair",
      "incorrectAnswers": 11,
      "pointsMissing": -4,
      "total": 271,
    },
    {
      "baseWord": "acertar",
      "incorrectAnswers": 11,
      "pointsMissing": -5,
      "total": 270,
    },
    {
      "baseWord": "mudar",
      "incorrectAnswers": 10,
      "pointsMissing": 14,
      "total": 264,
    },
    {
      "baseWord": "trazer",
      "incorrectAnswers": 10,
      "pointsMissing": 6,
      "total": 256,
    },
    {
      "baseWord": "convencer",
      "incorrectAnswers": 10,
      "pointsMissing": 6,
      "total": 256,
    },
    {
      "baseWord": "sugerir",
      "incorrectAnswers": 10,
      "pointsMissing": -10,
      "total": 240,
    },
    {
      "baseWord": "Maio",
      "incorrectAnswers": 9,
      "pointsMissing": 8,
      "total": 233,
    },
    {
      "baseWord": "trincar",
      "incorrectAnswers": 9,
      "pointsMissing": 2,
      "total": 227,
    },
    {
      "baseWord": "massa",
      "incorrectAnswers": 3,
      "pointsMissing": 2,
      "total": 227,
    },
    {
      "baseWord": "erro",
      "incorrectAnswers": 3,
      "pointsMissing": 0,
      "total": 225,
    },
    {
      "baseWord": "transformar-se",
      "incorrectAnswers": 9,
      "pointsMissing": -1,
      "total": 224,
    },
    {
      "baseWord": "frase",
      "incorrectAnswers": 3,
      "pointsMissing": -1,
      "total": 224,
    },
    {
      "baseWord": "investigação",
      "incorrectAnswers": 3,
      "pointsMissing": -1,
      "total": 224,
    },
    {
      "baseWord": "jornal",
      "incorrectAnswers": 3,
      "pointsMissing": -1,
      "total": 224,
    },
    {
      "baseWord": "líder",
      "incorrectAnswers": 3,
      "pointsMissing": -1,
      "total": 224,
    },
    {
      "baseWord": "juiz",
      "incorrectAnswers": 3,
      "pointsMissing": -2,
      "total": 223,
    },
    {
      "baseWord": "lanche",
      "incorrectAnswers": 3,
      "pointsMissing": -2,
      "total": 223,
    },
    {
      "baseWord": "nível",
      "incorrectAnswers": 3,
      "pointsMissing": -2,
      "total": 223,
    },
    {
      "baseWord": "mapa",
      "incorrectAnswers": 3,
      "pointsMissing": -2,
      "total": 223,
    },
    {
      "baseWord": "desejo",
      "incorrectAnswers": 3,
      "pointsMissing": -2,
      "total": 223,
    },
    {
      "baseWord": "estrutura",
      "incorrectAnswers": 3,
      "pointsMissing": -2,
      "total": 223,
    },
    {
      "baseWord": "lei",
      "incorrectAnswers": 3,
      "pointsMissing": -3,
      "total": 222,
    },
    {
      "baseWord": "questão",
      "incorrectAnswers": 3,
      "pointsMissing": -3,
      "total": 222,
    },
    {
      "baseWord": "equipe",
      "incorrectAnswers": 3,
      "pointsMissing": -3,
      "total": 222,
    },
    {
      "baseWord": "roda",
      "incorrectAnswers": 3,
      "pointsMissing": -3,
      "total": 222,
    },
    {
      "baseWord": "gastar",
      "incorrectAnswers": 8,
      "pointsMissing": 12,
      "total": 212,
    },
    {
      "baseWord": "sarar",
      "incorrectAnswers": 8,
      "pointsMissing": 12,
      "total": 212,
    },
    {
      "baseWord": "chegar",
      "incorrectAnswers": 8,
      "pointsMissing": -1,
      "total": 199,
    },
    {
      "baseWord": "pedir",
      "incorrectAnswers": 8,
      "pointsMissing": -3,
      "total": 197,
    },
    {
      "baseWord": "fugir",
      "incorrectAnswers": 8,
      "pointsMissing": -8,
      "total": 192,
    },
    {
      "baseWord": "maldito",
      "incorrectAnswers": 8,
      "pointsMissing": -8,
      "total": 192,
    },
    {
      "baseWord": "mostrar",
      "incorrectAnswers": 7,
      "pointsMissing": 11,
      "total": 186,
    },
    {
      "baseWord": "romper",
      "incorrectAnswers": 7,
      "pointsMissing": 10,
      "total": 185,
    },
    {
      "baseWord": "cerca",
      "incorrectAnswers": 7,
      "pointsMissing": 10,
      "total": 185,
    },
    {
      "baseWord": "se calhar",
      "incorrectAnswers": 7,
      "pointsMissing": 10,
      "total": 185,
    },
    {
      "baseWord": "avistar",
      "incorrectAnswers": 7,
      "pointsMissing": 1,
      "total": 176,
    },
    {
      "baseWord": "coçar",
      "incorrectAnswers": 7,
      "pointsMissing": -2,
      "total": 173,
    },
    {
      "baseWord": "soltar",
      "incorrectAnswers": 6,
      "pointsMissing": 10,
      "total": 160,
    },
    {
      "baseWord": "talvez",
      "incorrectAnswers": 6,
      "pointsMissing": 10,
      "total": 160,
    },
    {
      "baseWord": "sofrer",
      "incorrectAnswers": 6,
      "pointsMissing": 9,
      "total": 159,
    },
    {
      "baseWord": "atravessar",
      "incorrectAnswers": 6,
      "pointsMissing": 9,
      "total": 159,
    },
    {
      "baseWord": "suspirar",
      "incorrectAnswers": 6,
      "pointsMissing": 9,
      "total": 159,
    },
    {
      "baseWord": "envenenar",
      "incorrectAnswers": 6,
      "pointsMissing": 9,
      "total": 159,
    },
    {
      "baseWord": "começar",
      "incorrectAnswers": 6,
      "pointsMissing": 8,
      "total": 158,
    },
    {
      "baseWord": "motor",
      "incorrectAnswers": 2,
      "pointsMissing": 1,
      "total": 151,
    },
    {
      "baseWord": "fundo",
      "incorrectAnswers": 2,
      "pointsMissing": 1,
      "total": 151,
    },
    {
      "baseWord": "modelo",
      "incorrectAnswers": 2,
      "pointsMissing": 0,
      "total": 150,
    },
    {
      "baseWord": "festa",
      "incorrectAnswers": 2,
      "pointsMissing": 0,
      "total": 150,
    },
    {
      "baseWord": "lógica",
      "incorrectAnswers": 2,
      "pointsMissing": 0,
      "total": 150,
    },
    {
      "baseWord": "linha",
      "incorrectAnswers": 2,
      "pointsMissing": 0,
      "total": 150,
    },
    {
      "baseWord": "efeito",
      "incorrectAnswers": 2,
      "pointsMissing": 0,
      "total": 150,
    },
    {
      "baseWord": "estilo",
      "incorrectAnswers": 2,
      "pointsMissing": 0,
      "total": 150,
    },
    {
      "baseWord": "exame",
      "incorrectAnswers": 2,
      "pointsMissing": 0,
      "total": 150,
    },
    {
      "baseWord": "falha",
      "incorrectAnswers": 2,
      "pointsMissing": 0,
      "total": 150,
    },
    {
      "baseWord": "foto",
      "incorrectAnswers": 2,
      "pointsMissing": -1,
      "total": 149,
    },
    {
      "baseWord": "guerra",
      "incorrectAnswers": 2,
      "pointsMissing": -1,
      "total": 149,
    },
    {
      "baseWord": "hábito",
      "incorrectAnswers": 2,
      "pointsMissing": -1,
      "total": 149,
    },
    {
      "baseWord": "estudo",
      "incorrectAnswers": 2,
      "pointsMissing": -1,
      "total": 149,
    },
    {
      "baseWord": "exemplo",
      "incorrectAnswers": 2,
      "pointsMissing": -1,
      "total": 149,
    },
    {
      "baseWord": "fato",
      "incorrectAnswers": 2,
      "pointsMissing": -1,
      "total": 149,
    },
    {
      "baseWord": "rir",
      "incorrectAnswers": 6,
      "pointsMissing": -2,
      "total": 148,
    },
    {
      "baseWord": "graça",
      "incorrectAnswers": 2,
      "pointsMissing": -2,
      "total": 148,
    },
    {
      "baseWord": "instrumento",
      "incorrectAnswers": 2,
      "pointsMissing": -2,
      "total": 148,
    },
    {
      "baseWord": "imagem",
      "incorrectAnswers": 2,
      "pointsMissing": -2,
      "total": 148,
    },
    {
      "baseWord": "faculdade",
      "incorrectAnswers": 2,
      "pointsMissing": -2,
      "total": 148,
    },
    {
      "baseWord": "investimento",
      "incorrectAnswers": 2,
      "pointsMissing": -2,
      "total": 148,
    },
    {
      "baseWord": "menino",
      "incorrectAnswers": 2,
      "pointsMissing": -2,
      "total": 148,
    },
    {
      "baseWord": "teatro",
      "incorrectAnswers": 2,
      "pointsMissing": -2,
      "total": 148,
    },
    {
      "baseWord": "versão",
      "incorrectAnswers": 2,
      "pointsMissing": -2,
      "total": 148,
    },
    {
      "baseWord": "partir",
      "incorrectAnswers": 5,
      "pointsMissing": 9,
      "total": 134,
    },
    {
      "baseWord": "mandar",
      "incorrectAnswers": 5,
      "pointsMissing": 8,
      "total": 133,
    },
    {
      "baseWord": "dormir",
      "incorrectAnswers": 5,
      "pointsMissing": 7,
      "total": 132,
    },
    {
      "baseWord": "salvar",
      "incorrectAnswers": 5,
      "pointsMissing": 7,
      "total": 132,
    },
    {
      "baseWord": "repente",
      "incorrectAnswers": 5,
      "pointsMissing": 7,
      "total": 132,
    },
    {
      "baseWord": "apresentar-se",
      "incorrectAnswers": 5,
      "pointsMissing": 5,
      "total": 130,
    },
    {
      "baseWord": "dividir",
      "incorrectAnswers": 5,
      "pointsMissing": 5,
      "total": 130,
    },
    {
      "baseWord": "irritado",
      "incorrectAnswers": 5,
      "pointsMissing": -4,
      "total": 121,
    },
    {
      "baseWord": "ensinar",
      "incorrectAnswers": 4,
      "pointsMissing": 7,
      "total": 107,
    },
    {
      "baseWord": "transportar",
      "incorrectAnswers": 4,
      "pointsMissing": 7,
      "total": 107,
    },
    {
      "baseWord": "negar",
      "incorrectAnswers": 4,
      "pointsMissing": 6,
      "total": 106,
    },
    {
      "baseWord": "alterar",
      "incorrectAnswers": 4,
      "pointsMissing": 6,
      "total": 106,
    },
    {
      "baseWord": "assegurar",
      "incorrectAnswers": 4,
      "pointsMissing": 6,
      "total": 106,
    },
    {
      "baseWord": "quebrar",
      "incorrectAnswers": 4,
      "pointsMissing": 6,
      "total": 106,
    },
    {
      "baseWord": "ocorrer",
      "incorrectAnswers": 4,
      "pointsMissing": 6,
      "total": 106,
    },
    {
      "baseWord": "esquerda",
      "incorrectAnswers": 4,
      "pointsMissing": 6,
      "total": 106,
    },
    {
      "baseWord": "mais ou menos",
      "incorrectAnswers": 4,
      "pointsMissing": 3,
      "total": 103,
    },
    {
      "baseWord": "cego",
      "incorrectAnswers": 4,
      "pointsMissing": 3,
      "total": 103,
    },
    {
      "baseWord": "conduzir",
      "incorrectAnswers": 3,
      "pointsMissing": 5,
      "total": 80,
    },
    {
      "baseWord": "vestir",
      "incorrectAnswers": 3,
      "pointsMissing": 5,
      "total": 80,
    },
    {
      "baseWord": "acreditar",
      "incorrectAnswers": 3,
      "pointsMissing": 5,
      "total": 80,
    },
    {
      "baseWord": "aumentar",
      "incorrectAnswers": 3,
      "pointsMissing": 5,
      "total": 80,
    },
    {
      "baseWord": "assustar",
      "incorrectAnswers": 3,
      "pointsMissing": 5,
      "total": 80,
    },
    {
      "baseWord": "acordar",
      "incorrectAnswers": 3,
      "pointsMissing": 5,
      "total": 80,
    },
    {
      "baseWord": "bater",
      "incorrectAnswers": 3,
      "pointsMissing": 5,
      "total": 80,
    },
    {
      "baseWord": "realmente",
      "incorrectAnswers": 3,
      "pointsMissing": 5,
      "total": 80,
    },
    {
      "baseWord": "alguém",
      "incorrectAnswers": 3,
      "pointsMissing": 5,
      "total": 80,
    },
    {
      "baseWord": "dançar",
      "incorrectAnswers": 3,
      "pointsMissing": 3,
      "total": 78,
    },
    {
      "baseWord": "músico",
      "incorrectAnswers": 1,
      "pointsMissing": 1,
      "total": 76,
    },
    {
      "baseWord": "frente",
      "incorrectAnswers": 1,
      "pointsMissing": 1,
      "total": 76,
    },
    {
      "baseWord": "função",
      "incorrectAnswers": 1,
      "pointsMissing": 1,
      "total": 76,
    },
    {
      "baseWord": "lembrete",
      "incorrectAnswers": 1,
      "pointsMissing": 1,
      "total": 76,
    },
    {
      "baseWord": "processo",
      "incorrectAnswers": 1,
      "pointsMissing": 1,
      "total": 76,
    },
    {
      "baseWord": "peça",
      "incorrectAnswers": 1,
      "pointsMissing": 1,
      "total": 76,
    },
    {
      "baseWord": "emprego",
      "incorrectAnswers": 1,
      "pointsMissing": 1,
      "total": 76,
    },
    {
      "baseWord": "explicação",
      "incorrectAnswers": 1,
      "pointsMissing": 1,
      "total": 76,
    },
    {
      "baseWord": "milha",
      "incorrectAnswers": 1,
      "pointsMissing": 0,
      "total": 75,
    },
    {
      "baseWord": "movimento",
      "incorrectAnswers": 1,
      "pointsMissing": 0,
      "total": 75,
    },
    {
      "baseWord": "momento",
      "incorrectAnswers": 1,
      "pointsMissing": 0,
      "total": 75,
    },
    {
      "baseWord": "curso",
      "incorrectAnswers": 1,
      "pointsMissing": 0,
      "total": 75,
    },
    {
      "baseWord": "atividade",
      "incorrectAnswers": 1,
      "pointsMissing": 0,
      "total": 75,
    },
    {
      "baseWord": "brincar",
      "incorrectAnswers": 3,
      "pointsMissing": -1,
      "total": 74,
    },
    {
      "baseWord": "piscar",
      "incorrectAnswers": 3,
      "pointsMissing": -1,
      "total": 74,
    },
    {
      "baseWord": "limite",
      "incorrectAnswers": 1,
      "pointsMissing": -1,
      "total": 74,
    },
    {
      "baseWord": "programa",
      "incorrectAnswers": 1,
      "pointsMissing": -1,
      "total": 74,
    },
    {
      "baseWord": "silencioso",
      "incorrectAnswers": 3,
      "pointsMissing": -3,
      "total": 72,
    },
    {
      "baseWord": "organizar",
      "incorrectAnswers": 2,
      "pointsMissing": 3,
      "total": 53,
    },
    {
      "baseWord": "encher",
      "incorrectAnswers": 2,
      "pointsMissing": 3,
      "total": 53,
    },
    {
      "baseWord": "conversar",
      "incorrectAnswers": 2,
      "pointsMissing": 3,
      "total": 53,
    },
    {
      "baseWord": "poupar",
      "incorrectAnswers": 2,
      "pointsMissing": 3,
      "total": 53,
    },
    {
      "baseWord": "precisar",
      "incorrectAnswers": 2,
      "pointsMissing": 3,
      "total": 53,
    },
    {
      "baseWord": "agarrar",
      "incorrectAnswers": 2,
      "pointsMissing": 3,
      "total": 53,
    },
    {
      "baseWord": "voar",
      "incorrectAnswers": 2,
      "pointsMissing": 3,
      "total": 53,
    },
    {
      "baseWord": "abanar",
      "incorrectAnswers": 2,
      "pointsMissing": 3,
      "total": 53,
    },
    {
      "baseWord": "gritar",
      "incorrectAnswers": 2,
      "pointsMissing": 3,
      "total": 53,
    },
    {
      "baseWord": "tonto",
      "incorrectAnswers": 2,
      "pointsMissing": 1,
      "total": 51,
    },
    {
      "baseWord": "verde",
      "incorrectAnswers": 2,
      "pointsMissing": 0,
      "total": 50,
    },
    {
      "baseWord": "parecido",
      "incorrectAnswers": 2,
      "pointsMissing": -1,
      "total": 49,
    },
    {
      "baseWord": "peludo",
      "incorrectAnswers": 2,
      "pointsMissing": -2,
      "total": 48,
    },
    {
      "baseWord": "desapontado",
      "incorrectAnswers": 2,
      "pointsMissing": -2,
      "total": 48,
    },
    {
      "baseWord": "aromático",
      "incorrectAnswers": 1,
      "pointsMissing": 1,
      "total": 26,
    },
    {
      "baseWord": "vários",
      "incorrectAnswers": 1,
      "pointsMissing": 0,
      "total": 25,
    },
    {
      "baseWord": "saboroso",
      "incorrectAnswers": 1,
      "pointsMissing": 0,
      "total": 25,
    },
    {
      "baseWord": "iluminado",
      "incorrectAnswers": 1,
      "pointsMissing": -1,
      "total": 24,
    },
  ],
  "words": {
    "ADJECTIVE": {
      "DONE": {
        "baseWords": [
          "grande",
          "alto",
          "bom",
          "quente",
          "cansado",
          "bonito",
          "velho",
          "triste",
          "responsável",
          "pequeno",
          "novo",
          "longo",
          "forte",
          "fácil",
          "fraco",
          "vazio",
          "cheio",
          "macio",
          "duro",
          "calmo",
          "estragado",
          "estranho",
          "famoso",
          "feliz",
          "frio",
          "gelado",
          "importante",
          "impressionante",
          "juntos",
          "lindo",
          "melhor",
          "mentiroso",
          "simpático",
          "usado",
          "quieto",
          "rápido",
          "pouco",
          "preciso",
          "preguiçoso",
          "perfeito",
          "baixo",
          "feio",
          "lento",
          "curto",
          "estreito",
          "caro",
          "barato",
          "gordo",
          "magro",
          "idoso",
          "pesado",
          "limpo",
          "sujo",
          "seco",
          "molhado",
          "amargo",
          "azedo",
          "salgado",
          "profundo",
          "afiado",
          "surdo",
          "claro",
          "escuro",
          "aventureiro",
          "sério",
          "perigoso",
          "desconfiado",
          "castanho",
        ],
        "count": 68,
      },
      "IN_PROGRESS": {
        "baseWords": [
          "raso",
          "cego",
          "corajoso",
          "atordoado",
          "agradável",
          "vários",
          "verde",
          "irritado",
          "silencioso",
          "aromático",
          "parecido",
          "saboroso",
          "tonto",
          "sonolento",
          "maldito",
          "chateado",
          "colorido",
          "decorado",
          "iluminado",
          "peludo",
          "pensativo",
          "ético",
          "desapontado",
          "preso",
        ],
        "count": 24,
      },
      "NEVER_DONE": {
        "baseWords": [
          "ligado",
        ],
        "count": 1,
      },
    },
    "NOUN": {
      "DONE": {
        "baseWords": [
          "cidade",
          "chá",
          "livro",
          "namorada",
          "tempo",
          "rua",
          "mesa",
          "desporto",
          "jantar",
          "almoço",
          "comida",
          "cozinha",
          "computador",
          "casa-de-banho",
          "aula",
          "ano",
          "mês",
          "semana",
          "sobremesa",
          "bolo",
          "garrafa",
          "galinha",
          "planta",
          "flor",
          "sopa",
          "bebida",
          "água",
          "porta",
          "janela",
          "peixe",
          "queijo",
          "varanda",
          "apartamento",
          "casa",
          "mulher",
          "homem",
          "chão",
          "mãe",
          "pai",
          "banheira",
          "luz",
          "secretária",
          "irmã",
          "irmão",
          "escadas",
          "calculadora",
          "avião",
          "segundo",
          "minuto",
          "barco",
          "navio",
          "casaco",
          "camisola",
          "telemóvel",
          "almofada",
          "cadeira",
          "cabelo",
          "braço",
          "perna",
          "pé",
          "bicicleta",
          "forno",
          "frigideira",
          "lavatório",
          "sanita",
          "faca",
          "colher",
          "garfo",
          "panela",
          "copo",
          "caneca",
          "prato",
          "sofá",
          "quadro",
          "parede",
          "micro-ondas",
          "toalha",
          "sabonete",
          "frigorífico",
          "congelador",
          "caixote do lixo",
          "pasta dos dentes",
          "espelho",
          "guardanapo",
          "taça",
          "caixa",
          "árvore",
          "rapariga",
          "amigo",
          "zero",
          "dois",
          "três",
          "quatro",
          "cinco",
          "seis",
          "sete",
          "oito",
          "nove",
          "dez",
          "onze",
          "doze",
          "treze",
          "catorze",
          "quinze",
          "dezasseis",
          "dezassete",
          "dezoito",
          "dezanove",
          "vinte",
          "vinte e um",
          "vinte e dois",
          "vinte e três",
          "trinta",
          "quarenta",
          "cinquenta",
          "sessenta",
          "setenta",
          "oitenta",
          "noventa",
          "cem",
          "vez",
          "forma",
          "parte",
          "estado",
          "governo",
          "trabalho",
          "grupo",
          "terra",
          "nome",
          "filho",
          "problema",
          "empresa",
          "direito",
          "sistema",
          "região",
          "ponto",
          "fim",
          "lâmpada",
          "prateleira",
          "maquina de lavar",
          "ar",
          "folha",
          "floresta",
          "praia",
          "Páscoa",
          "Natal",
          "conhecimento",
          "espinafre",
          "ginásio",
          "cabo",
          "saco",
          "centro comercial",
          "parque",
          "espaço",
          "pensamento",
          "ideia",
          "aquecedor",
          "decoração",
          "tupperware",
          "contentor",
          "futuro",
          "música",
          "pescoço",
          "umbigo",
          "dedo",
          "nariz",
          "cabeça",
          "dor",
          "tapete",
          "conversa",
          "mensagem",
          "comboio",
          "armário",
          "filme",
          "areia",
          "saúde",
          "piano",
          "persiana",
          "cama",
          "quarto",
          "maça",
          "paz",
          "plano",
          "mel",
          "gengibre",
          "acidente",
          "aeroporto",
          "caminho",
          "carro",
          "carta",
          "causa",
          "acusação",
          "aniversário",
          "arredor",
          "arte",
          "assunto",
          "autor",
          "banho",
          "bola",
          "cachorro",
          "café",
          "caminhada",
          "camião",
          "carga",
          "carteira",
          "colega",
          "condição",
          "contrato",
          "deus",
          "dia",
          "dinheiro",
          "disco",
          "diálogo",
          "fome",
          "fotografia",
          "funcionário",
          "fábrica",
          "gaveta",
          "guitarra",
          "habilidade",
          "história",
          "hora",
          "imposto",
          "informação",
          "instrução",
          "lado",
          "lixo",
          "loiça",
          "língua",
          "manhã",
          "meia",
          "mochila",
          "morango",
          "vestido",
          "vida",
          "visita",
          "volta",
          "vítima",
          "televisão",
          "teoria",
          "teste",
          "texto",
          "universidade",
          "vaga",
          "supermercado",
          "talento",
          "tarde",
          "telefone",
          "sapato",
          "serviço",
          "situação",
          "solução",
          "sugestão",
          "reação",
          "regra",
          "resposta",
          "restaurante",
          "reunião",
          "salário",
          "produto",
          "professora",
          "projeto",
          "prova",
          "prática",
          "preço",
          "pessoa",
          "opinião",
          "pacote",
          "mundo",
          "amor",
          "escola",
          "jardim",
          "animal",
          "família",
          "loja",
          "chave",
          "cor",
          "estação",
          "hotel",
          "autocarro",
          "papel",
          "caneta",
          "verão",
          "inverno",
          "primavera",
          "montanha",
          "rio",
          "pão",
          "vinho",
          "sal",
          "feriado",
          "relógio",
          "fogo",
          "noite",
          "sonho",
          "som",
          "ilha",
          "estrela",
          "coração",
          "praça",
          "mão",
          "ovo",
          "olho",
          "dente",
          "sorriso",
          "céu",
          "nuvem",
          "sentido",
          "número",
          "viagem",
          "mercado",
          "política",
          "entrada",
          "saída",
          "revista",
          "máquina",
          "anel",
          "brinco",
          "prédio",
          "aluno",
          "terraço",
          "gravata",
          "construção",
          "igreja",
          "fazenda",
          "campo",
          "ponte",
          "edifício",
          "escada",
          "poema",
          "museu",
          "pincel",
          "tinta",
          "concerto",
          "fonte",
          "picada",
          "tempestade",
          "diploma",
          "conferência",
          "debate",
          "sala",
          "mentira",
          "castelo",
          "planeta",
          "biscoito",
          "doce",
          "erva",
          "sombra",
          "voz",
          "rosto",
          "saia",
          "reino",
          "chefe",
          "cavalo",
          "espada",
          "bolsa",
          "ouro",
          "moeda",
          "medo",
          "ordem",
          "envelope",
          "declaração",
          "segurança",
          "margem",
          "sorte",
          "ruído",
          "corda",
          "telhado",
          "torre",
          "pensão",
          "lobo",
          "vidro",
          "lanterna",
          "horta",
          "legume",
          "fruto",
          "lugar",
          "corvo",
          "pata",
          "bruxa",
          "ladra",
          "bar",
          "coluna",
          "placa",
          "aranha",
          "gigante",
          "socorro",
          "teia",
          "canto",
          "mar",
          "marca",
          "máscara",
          "matriz",
          "microfone",
          "modo",
          "morte",
          "foco",
          "gato",
          "gosto",
          "hospital",
          "idade",
          "lago",
          "lista",
          "país",
          "jogo",
          "palavra",
          "letra",
          "estrada",
          "criança",
          "conta",
          "corpo",
          "sentimento",
        ],
        "count": 412,
      },
      "IN_PROGRESS": {
        "baseWords": [
          "outono",
          "ingrediente",
          "reflexo",
          "comércio",
          "escritório",
          "noiva",
          "cesto",
          "sinal",
          "conselho",
          "massa",
          "material",
          "matéria",
          "memória",
          "método",
          "milagre",
          "milha",
          "modelo",
          "motivo",
          "motor",
          "movimento",
          "músico",
          "nascimento",
          "necessidade",
          "festa",
          "final",
          "foto",
          "frase",
          "frente",
          "função",
          "fundo",
          "gênero",
          "graça",
          "gráfico",
          "guerra",
          "hábito",
          "herói",
          "índice",
          "indivíduo",
          "início",
          "inimigo",
          "instrumento",
          "interesse",
          "investigação",
          "jornal",
          "juiz",
          "lanche",
          "líder",
          "lembrete",
          "limite",
          "lógica",
          "caso",
          "momento",
          "nível",
          "processo",
          "estudo",
          "programa",
          "exemplo",
          "curso",
          "mapa",
          "companhia",
          "linha",
          "membro",
          "lei",
          "questão",
          "fato",
          "área",
          "atividade",
          "tipo",
          "imagem",
          "peça",
          "razão",
          "relação",
          "uso",
          "visão",
          "desejo",
          "destino",
          "direção",
          "doença",
          "dúvida",
          "efeito",
          "emprego",
          "equipe",
          "erro",
          "estilo",
          "estrutura",
          "exame",
          "experiência",
          "explicação",
          "expressão",
          "faculdade",
          "falha",
          "fase",
          "investimento",
          "menino",
          "roda",
          "teatro",
          "vantagem",
          "versão",
        ],
        "count": 98,
      },
      "NEVER_DONE": {
        "baseWords": [
          "coisa",
        ],
        "count": 1,
      },
    },
    "OTHER": {
      "DONE": {
        "baseWords": [
          "não",
          "debaixo",
          "trás",
          "atrás",
          "ao lado de",
          "em cima de",
          "entre",
          "antes",
          "depois",
          "hoje",
          "ontem",
          "amanhã",
          "desde",
          "quando",
          "onde",
          "quem",
          "toda a gente",
          "próximo",
          "anterior",
          "último",
          "primeiro",
          "segunda-feira",
          "terça-feira",
          "quarta-feira",
          "quinta-feira",
          "sexta-feira",
          "sábado",
          "domingo",
          "único",
          "todos",
          "nenhum",
          "nunca",
          "sempre",
          "algumas vezes",
          "muitas vezes",
          "frequentemente",
          "inteiro",
          "parte de",
          "eu",
          "tu",
          "ela",
          "ele",
          "eles",
          "Janeiro",
          "Fevereiro",
          "Março",
          "Abril",
          "Junho",
          "Julho",
          "Agosto",
          "Setembro",
          "Novembro",
          "Dezembro",
          "á volta de",
          "perto",
          "longe",
          "e",
          "ou",
          "com",
          "aqui",
          "até",
          "tudo",
          "verdade",
          "sobre",
          "essa",
          "agora",
          "ambos",
          "atenciosamente",
          "bem",
          "cedo",
          "demais",
          "depressa",
          "fora",
          "mesmo",
          "mais",
          "muito",
          "novamente",
          "pacientemente",
          "como se",
          "quanto",
          "quase",
          "rapidamente",
          "se",
          "lentamente",
          "ali",
          "acima",
          "abaixo",
          "dentro",
          "logo",
          "então",
          "já",
          "também",
          "especialmente",
          "finalmente",
          "geralmente",
          "durante",
          "direita",
          "assim",
        ],
        "count": 98,
      },
      "IN_PROGRESS": {
        "baseWords": [
          "um",
          "no",
          "ninguém",
          "meio",
          "nos",
          "Maio",
          "Outubro",
          "lá",
          "ainda",
          "apenas",
          "mais ou menos",
          "cerca",
          "aproximadamente",
          "talvez",
          "provavelmente",
          "possivelmente",
          "realmente",
          "efetivamente",
          "esquerda",
          "alguém",
          "se calhar",
          "repente",
        ],
        "count": 22,
      },
      "NEVER_DONE": {
        "baseWords": [
          "do",
          "pelo",
          "o",
          "este",
          "meu",
          "obrigado",
          "esse",
          "aquele",
          "seu",
          "ao",
          "teu",
          "outro",
          "lhe",
          "todo",
          "nosso",
          "algum",
          "pois",
          "que",
          "mas",
          "sim",
          "si",
          "adeus",
          "me",
          "só",
          "porque",
          "você",
          "sr",
          "senhor",
          "sem",
          "olá",
          "embora",
          "te",
          "qualquer",
          "num",
          "nem",
          "ti",
          "tão",
          "vós",
          "mim",
          "vocês",
          "seja",
          "nós",
          "algo",
          "vá",
          "vos",
          "às",
          "qual",
          "será",
          "cá",
          "aí",
        ],
        "count": 50,
      },
    },
    "VERB": {
      "DONE": {
        "baseWords": [
          "ir",
          "ver",
          "fazer",
          "saber",
          "ler",
          "dizer",
          "conhecer",
          "descer",
          "aquecer",
          "levantar-se",
          "despir",
          "sentir",
          "falar",
          "comer",
          "abrir",
          "achar",
          "andar",
          "beber",
          "entrar",
          "morar",
          "olhar",
          "trabalhar",
          "cumprimentar",
          "encontrar",
          "perguntar",
          "jogar",
          "escrever",
          "compreender",
          "resolver",
          "viver",
          "correr",
          "aprender",
          "usar",
          "almoçar",
          "telefonar",
          "pagar",
          "ficar",
          "comprar",
          "fechar",
          "gostar",
          "lavar",
          "acabar",
          "apanhar",
          "decidir",
          "discutir",
          "permitir",
          "limpar",
          "cuidar",
          "ajudar",
          "adorar",
          "assinar",
          "concentrar",
          "continuar",
          "criar",
          "definir",
          "determinar",
          "enviar",
          "esperar",
          "estudar",
          "fumar",
          "lembrar",
          "mencionar",
          "parar",
          "passar",
          "pensar",
          "preparar",
          "realizar",
          "refletir",
          "tentar",
          "virar",
          "vender",
          "mover",
          "viajar",
          "promover",
          "casar",
          "levar",
          "responder",
          "nadar",
          "separar",
          "voltar",
          "cantar",
          "sentar",
          "reparar",
          "defender",
          "deixar",
          "saltar",
          "mexer",
          "puxar",
        ],
        "count": 88,
      },
      "IN_PROGRESS": {
        "baseWords": [
          "ser",
          "estar",
          "ter",
          "querer",
          "poder",
          "chamar-se",
          "apresentar-se",
          "pôr",
          "pegar",
          "tocar",
          "passear",
          "acontecer",
          "alcançar",
          "aplicar",
          "cair",
          "carregar",
          "chegar",
          "dançar",
          "dar",
          "dormir",
          "explicar",
          "negar",
          "sair",
          "seguir",
          "servir",
          "sugerir",
          "trazer",
          "transformar-se",
          "significar",
          "prover",
          "permanecer",
          "ouvir",
          "pedir",
          "oferecer",
          "obter",
          "brincar",
          "sorrir",
          "subir",
          "rir",
          "trincar",
          "adormecer",
          "fugir",
          "convencer",
          "coçar",
          "piscar",
          "esquecer",
          "vestir",
          "corrigir",
          "conseguir",
          "traduzir",
          "preferir",
          "conduzir",
          "tomar",
          "ensinar",
          "começar",
          "dividir",
          "partir",
          "organizar",
          "mandar",
          "encher",
          "acreditar",
          "alterar",
          "assegurar",
          "aumentar",
          "conversar",
          "gastar",
          "mudar",
          "poupar",
          "quebrar",
          "transportar",
          "sofrer",
          "segurar",
          "salvar",
          "sarar",
          "romper",
          "precisar",
          "ocorrer",
          "mostrar",
          "atravessar",
          "agarrar",
          "suspirar",
          "voar",
          "soltar",
          "empurrar",
          "abanar",
          "gritar",
          "envenenar",
          "assustar",
          "acordar",
          "bater",
          "avistar",
          "atirar",
          "acertar",
        ],
        "count": 93,
      },
      "NEVER_DONE": {
        "baseWords": [
          "haver",
          "parecer",
          "vir",
          "dever",
        ],
        "count": 4,
      },
    },
  },
}
`;
