// Jest Snapshot v1, https://goo.gl/fbAQLP

exports[`Progress Aggregate getProgressAggregate 1`] = `
{
  "exercises": {
    "AdjectiveTranslation": {
      "DONE": {
        "baseWords": [],
        "count": 0,
      },
      "IN_PROGRESS": {
        "baseWords": [],
        "count": 0,
      },
      "NEVER_DONE": {
        "baseWords": [],
        "count": 0,
      },
    },
    "GermanCaseExercise": {
      "DONE": {
        "baseWords": [],
        "count": 0,
      },
      "IN_PROGRESS": {
        "baseWords": [],
        "count": 0,
      },
      "NEVER_DONE": {
        "baseWords": [],
        "count": 0,
      },
    },
    "GermanNounTranslation": {
      "DONE": {
        "baseWords": [],
        "count": 0,
      },
      "IN_PROGRESS": {
        "baseWords": [],
        "count": 0,
      },
      "NEVER_DONE": {
        "baseWords": [],
        "count": 0,
      },
    },
    "GermanOtherTranslation": {
      "DONE": {
        "baseWords": [],
        "count": 0,
      },
      "IN_PROGRESS": {
        "baseWords": [],
        "count": 0,
      },
      "NEVER_DONE": {
        "baseWords": [],
        "count": 0,
      },
    },
    "GermanVerbExercise": {
      "DONE": {
        "baseWords": [],
        "count": 0,
      },
      "IN_PROGRESS": {
        "baseWords": [],
        "count": 0,
      },
      "NEVER_DONE": {
        "baseWords": [],
        "count": 0,
      },
    },
    "GermanVerbTranslation": {
      "DONE": {
        "baseWords": [],
        "count": 0,
      },
      "IN_PROGRESS": {
        "baseWords": [],
        "count": 0,
      },
      "NEVER_DONE": {
        "baseWords": [],
        "count": 0,
      },
    },
    "NounTranslation": {
      "DONE": {
        "baseWords": [],
        "count": 0,
      },
      "IN_PROGRESS": {
        "baseWords": [],
        "count": 0,
      },
      "NEVER_DONE": {
        "baseWords": [],
        "count": 0,
      },
    },
    "OtherTranslation": {
      "DONE": {
        "baseWords": [],
        "count": 0,
      },
      "IN_PROGRESS": {
        "baseWords": [],
        "count": 0,
      },
      "NEVER_DONE": {
        "baseWords": [],
        "count": 0,
      },
    },
    "OtherWithGenderTranslation": {
      "DONE": {
        "baseWords": [],
        "count": 0,
      },
      "IN_PROGRESS": {
        "baseWords": [],
        "count": 0,
      },
      "NEVER_DONE": {
        "baseWords": [],
        "count": 0,
      },
    },
    "PolishNounTranslation": {
      "DONE": {
        "baseWords": [],
        "count": 0,
      },
      "IN_PROGRESS": {
        "baseWords": [],
        "count": 0,
      },
      "NEVER_DONE": {
        "baseWords": [],
        "count": 0,
      },
    },
    "PolishOtherTranslation": {
      "DONE": {
        "baseWords": [],
        "count": 0,
      },
      "IN_PROGRESS": {
        "baseWords": [],
        "count": 0,
      },
      "NEVER_DONE": {
        "baseWords": [],
        "count": 0,
      },
    },
    "PolishVerbExercise": {
      "DONE": {
        "baseWords": [],
        "count": 0,
      },
      "IN_PROGRESS": {
        "baseWords": [],
        "count": 0,
      },
      "NEVER_DONE": {
        "baseWords": [],
        "count": 0,
      },
    },
    "PolishVerbTranslation": {
      "DONE": {
        "baseWords": [],
        "count": 0,
      },
      "IN_PROGRESS": {
        "baseWords": [],
        "count": 0,
      },
      "NEVER_DONE": {
        "baseWords": [],
        "count": 0,
      },
    },
    "VerbExercise": {
      "DONE": {
        "baseWords": [
          "conhecer",
          "saber",
        ],
        "count": 2,
      },
      "IN_PROGRESS": {
        "baseWords": [
          "saber",
        ],
        "count": 1,
      },
      "NEVER_DONE": {
        "baseWords": [
          "ver",
        ],
        "count": 1,
      },
    },
    "VerbTranslation": {
      "DONE": {
        "baseWords": [],
        "count": 0,
      },
      "IN_PROGRESS": {
        "baseWords": [],
        "count": 0,
      },
      "NEVER_DONE": {
        "baseWords": [],
        "count": 0,
      },
    },
  },
  "pointsMissing": [
    {
      "baseWord": "saber",
      "incorrectAnswers": 1,
      "pointsMissing": -1,
      "total": 24,
    },
  ],
  "words": {
    "ADJECTIVE": {
      "DONE": {
        "baseWords": [],
        "count": 0,
      },
      "IN_PROGRESS": {
        "baseWords": [],
        "count": 0,
      },
      "NEVER_DONE": {
        "baseWords": [],
        "count": 0,
      },
    },
    "NOUN": {
      "DONE": {
        "baseWords": [],
        "count": 0,
      },
      "IN_PROGRESS": {
        "baseWords": [],
        "count": 0,
      },
      "NEVER_DONE": {
        "baseWords": [],
        "count": 0,
      },
    },
    "OTHER": {
      "DONE": {
        "baseWords": [],
        "count": 0,
      },
      "IN_PROGRESS": {
        "baseWords": [],
        "count": 0,
      },
      "NEVER_DONE": {
        "baseWords": [],
        "count": 0,
      },
    },
    "VERB": {
      "DONE": {
        "baseWords": [
          "conhecer",
        ],
        "count": 1,
      },
      "IN_PROGRESS": {
        "baseWords": [
          "saber",
        ],
        "count": 1,
      },
      "NEVER_DONE": {
        "baseWords": [
          "ver",
        ],
        "count": 1,
      },
    },
  },
}
`;

exports[`Progress Aggregate getProgressAggregate full exercises 1`] = `
{
  "exercises": {
    "AdjectiveTranslation": {
      "DONE": {
        "baseWords": [],
        "count": 0,
      },
      "IN_PROGRESS": {
        "baseWords": [],
        "count": 0,
      },
      "NEVER_DONE": {
        "baseWords": [
          "grande",
          "alto",
          "bom",
          "quente",
          "cansado",
          "bonito",
          "velho",
          "triste",
          "responsável",
          "pequeno",
          "novo",
          "longo",
          "forte",
          "fácil",
          "fraco",
          "vazio",
          "cheio",
          "macio",
          "duro",
          "calmo",
          "estragado",
          "estranho",
          "famoso",
          "feliz",
          "frio",
          "gelado",
          "importante",
          "impressionante",
          "juntos",
          "lindo",
          "melhor",
          "mentiroso",
          "simpático",
          "usado",
          "quieto",
          "rápido",
          "pouco",
          "preciso",
          "preguiçoso",
          "perfeito",
          "baixo",
          "feio",
          "lento",
          "curto",
          "estreito",
          "caro",
          "barato",
          "gordo",
          "magro",
          "idoso",
          "pesado",
          "limpo",
          "sujo",
          "seco",
          "molhado",
          "amargo",
          "azedo",
          "salgado",
          "profundo",
          "raso",
          "afiado",
          "cego",
          "surdo",
          "claro",
          "escuro",
          "aventureiro",
          "sério",
          "perigoso",
          "corajoso",
          "desconfiado",
          "atordoado",
          "agradável",
          "vários",
          "castanho",
          "verde",
          "irritado",
          "silencioso",
          "aromático",
          "parecido",
          "saboroso",
          "tonto",
          "sonolento",
          "maldito",
          "chateado",
          "colorido",
          "decorado",
          "ligada",
          "iluminado",
          "peludo",
          "pensativo",
          "ético",
          "desapontado",
          "preso",
        ],
        "count": 93,
      },
    },
    "GermanCaseExercise": {
      "DONE": {
        "baseWords": [],
        "count": 0,
      },
      "IN_PROGRESS": {
        "baseWords": [],
        "count": 0,
      },
      "NEVER_DONE": {
        "baseWords": [],
        "count": 0,
      },
    },
    "GermanNounTranslation": {
      "DONE": {
        "baseWords": [],
        "count": 0,
      },
      "IN_PROGRESS": {
        "baseWords": [],
        "count": 0,
      },
      "NEVER_DONE": {
        "baseWords": [],
        "count": 0,
      },
    },
    "GermanOtherTranslation": {
      "DONE": {
        "baseWords": [],
        "count": 0,
      },
      "IN_PROGRESS": {
        "baseWords": [],
        "count": 0,
      },
      "NEVER_DONE": {
        "baseWords": [],
        "count": 0,
      },
    },
    "GermanVerbExercise": {
      "DONE": {
        "baseWords": [],
        "count": 0,
      },
      "IN_PROGRESS": {
        "baseWords": [],
        "count": 0,
      },
      "NEVER_DONE": {
        "baseWords": [],
        "count": 0,
      },
    },
    "GermanVerbTranslation": {
      "DONE": {
        "baseWords": [],
        "count": 0,
      },
      "IN_PROGRESS": {
        "baseWords": [],
        "count": 0,
      },
      "NEVER_DONE": {
        "baseWords": [],
        "count": 0,
      },
    },
    "NounTranslation": {
      "DONE": {
        "baseWords": [],
        "count": 0,
      },
      "IN_PROGRESS": {
        "baseWords": [],
        "count": 0,
      },
      "NEVER_DONE": {
        "baseWords": [
          "cidade",
          "chá",
          "livro",
          "namorada",
          "tempo",
          "rua",
          "mesa",
          "desporto",
          "jantar",
          "almoço",
          "comida",
          "cozinha",
          "computador",
          "casa-de-banho",
          "aula",
          "ano",
          "mês",
          "semana",
          "sobremesa",
          "bolo",
          "garrafa",
          "galinha",
          "planta",
          "flor",
          "sopa",
          "bebida",
          "água",
          "porta",
          "janela",
          "peixe",
          "queijo",
          "varanda",
          "apartamento",
          "casa",
          "mulher",
          "homem",
          "chão",
          "mãe",
          "pai",
          "banheira",
          "luz",
          "secretária",
          "irmã",
          "irmão",
          "escadas",
          "calculadora",
          "avião",
          "segundo",
          "minuto",
          "barco",
          "navio",
          "casaco",
          "camisola",
          "telemóvel",
          "almofada",
          "cadeira",
          "cabelo",
          "braço",
          "perna",
          "pé",
          "bicicleta",
          "forno",
          "frigideira",
          "lavatório",
          "sanita",
          "faca",
          "colher",
          "garfo",
          "panela",
          "copo",
          "caneca",
          "prato",
          "sofá",
          "quadro",
          "parede",
          "micro-ondas",
          "toalha",
          "sabonete",
          "frigorífico",
          "congelador",
          "caixote do lixo",
          "pasta dos dentes",
          "espelho",
          "guardanapo",
          "taça",
          "caixa",
          "árvore",
          "rapariga",
          "amigo",
          "zero",
          "um",
          "dois",
          "três",
          "quatro",
          "cinco",
          "seis",
          "sete",
          "oito",
          "nove",
          "dez",
          "onze",
          "doze",
          "treze",
          "catorze",
          "quinze",
          "dezasseis",
          "dezassete",
          "dezoito",
          "dezanove",
          "vinte",
          "vinte e um",
          "vinte e dois",
          "vinte e três",
          "trinta",
          "quarenta",
          "cinquenta",
          "sessenta",
          "setenta",
          "oitenta",
          "noventa",
          "cem",
          "vez",
          "coisa",
          "forma",
          "parte",
          "estado",
          "governo",
          "trabalho",
          "grupo",
          "terra",
          "nome",
          "filho",
          "problema",
          "empresa",
          "direito",
          "sistema",
          "região",
          "ponto",
          "fim",
          "lâmpada",
          "prateleira",
          "maquina de lavar",
          "ar",
          "folha",
          "floresta",
          "praia",
          "Páscoa",
          "Natal",
          "conhecimento",
          "espinafre",
          "ginásio",
          "cabo",
          "saco",
          "centro comercial",
          "parque",
          "espaço",
          "pensamento",
          "ideia",
          "aquecedor",
          "decoração",
          "tupperware",
          "contentor",
          "futuro",
          "música",
          "pescoço",
          "umbigo",
          "dedo",
          "nariz",
          "cabeça",
          "dor",
          "tapete",
          "conversa",
          "mensagem",
          "comboio",
          "armário",
          "filme",
          "areia",
          "saúde",
          "piano",
          "persiana",
          "cama",
          "quarto",
          "maça",
          "paz",
          "plano",
          "mel",
          "gengibre",
          "acidente",
          "aeroporto",
          "caminho",
          "carro",
          "carta",
          "causa",
          "acusação",
          "aniversário",
          "arredor",
          "arte",
          "assunto",
          "autor",
          "banho",
          "bola",
          "cachorro",
          "café",
          "caminhada",
          "camião",
          "carga",
          "carteira",
          "colega",
          "condição",
          "contrato",
          "deus",
          "dia",
          "dinheiro",
          "disco",
          "diálogo",
          "fome",
          "fotografia",
          "funcionário",
          "fábrica",
          "gaveta",
          "guitarra",
          "habilidade",
          "história",
          "hora",
          "imposto",
          "informação",
          "instrução",
          "lado",
          "lixo",
          "loiça",
          "língua",
          "manhã",
          "meia",
          "mochila",
          "morango",
          "vestido",
          "vida",
          "visita",
          "volta",
          "vítima",
          "televisão",
          "teoria",
          "teste",
          "texto",
          "universidade",
          "vaga",
          "supermercado",
          "talento",
          "tarde",
          "telefone",
          "sapato",
          "serviço",
          "situação",
          "solução",
          "sugestão",
          "reação",
          "regra",
          "resposta",
          "restaurante",
          "reunião",
          "salário",
          "produto",
          "professora",
          "projeto",
          "prova",
          "prática",
          "preço",
          "pessoa",
          "opinião",
          "pacote",
          "mundo",
          "amor",
          "escola",
          "jardim",
          "animal",
          "família",
          "loja",
          "chave",
          "cor",
          "estação",
          "hotel",
          "autocarro",
          "papel",
          "caneta",
          "verão",
          "inverno",
          "primavera",
          "outono",
          "montanha",
          "rio",
          "pão",
          "vinho",
          "sal",
          "feriado",
          "relógio",
          "fogo",
          "noite",
          "sonho",
          "som",
          "ilha",
          "estrela",
          "coração",
          "praça",
          "mão",
          "ovo",
          "olho",
          "dente",
          "sorriso",
          "céu",
          "nuvem",
          "sentido",
          "número",
          "viagem",
          "mercado",
          "política",
          "entrada",
          "saída",
          "revista",
          "máquina",
          "anel",
          "brinco",
          "prédio",
          "aluno",
          "terraço",
          "gravata",
          "construção",
          "igreja",
          "fazenda",
          "campo",
          "ponte",
          "edifício",
          "escada",
          "poema",
          "museu",
          "pincel",
          "tinta",
          "concerto",
          "fonte",
          "ingrediente",
          "picada",
          "tempestade",
          "reflexo",
          "comércio",
          "diploma",
          "conferência",
          "debate",
          "sala",
          "escritório",
          "mentira",
          "castelo",
          "planeta",
          "biscoito",
          "doce",
          "erva",
          "sombra",
          "voz",
          "rosto",
          "saia",
          "reino",
          "chefe",
          "cavalo",
          "espada",
          "bolsa",
          "ouro",
          "moeda",
          "medo",
          "ordem",
          "envelope",
          "declaração",
          "segurança",
          "margem",
          "sorte",
          "noiva",
          "ruído",
          "corda",
          "telhado",
          "torre",
          "pensão",
          "lobo",
          "vidro",
          "lanterna",
          "horta",
          "legume",
          "fruto",
          "lugar",
          "cesto",
          "corvo",
          "pata",
          "bruxa",
          "ladra",
          "bar",
          "coluna",
          "placa",
          "aranha",
          "gigante",
          "socorro",
          "teia",
          "canto",
          "sinal",
          "conselho",
          "mar",
          "marca",
          "máscara",
          "massa",
          "material",
          "matéria",
          "matriz",
          "memória",
          "método",
          "microfone",
          "milagre",
          "milha",
          "modelo",
          "modo",
          "morte",
          "motivo",
          "motor",
          "movimento",
          "músico",
          "nascimento",
          "necessidade",
          "festa",
          "final",
          "foco",
          "foto",
          "frase",
          "frente",
          "função",
          "fundo",
          "gato",
          "gênero",
          "gosto",
          "graça",
          "gráfico",
          "guerra",
          "guias",
          "hábito",
          "herói",
          "hospital",
          "idade",
          "índice",
          "indivíduo",
          "início",
          "inimigo",
          "instrumento",
          "interesse",
          "investigação",
          "jornal",
          "juiz",
          "lago",
          "lanche",
          "líder",
          "lembrete",
          "limite",
          "lista",
          "lógica",
          "caso",
          "país",
          "momento",
          "nível",
          "processo",
          "estudo",
          "programa",
          "jogo",
          "exemplo",
          "curso",
          "palavra",
          "mapa",
          "companhia",
          "linha",
          "membro",
          "lei",
          "questão",
          "fato",
          "área",
          "atividade",
          "letra",
          "estrada",
          "tipo",
          "criança",
          "imagem",
          "peça",
          "razão",
          "relação",
          "uso",
          "visão",
          "conta",
          "corpo",
          "desejo",
          "destino",
          "direção",
          "doença",
          "dúvida",
          "efeito",
          "emprego",
          "equipe",
          "erro",
          "estilo",
          "estrutura",
          "exame",
          "experiência",
          "explicação",
          "expressão",
          "faculdade",
          "falha",
          "fase",
          "investimento",
          "menino",
          "roda",
          "sentimento",
          "teatro",
          "vantagem",
          "versão",
        ],
        "count": 513,
      },
    },
    "OtherTranslation": {
      "DONE": {
        "baseWords": [],
        "count": 0,
      },
      "IN_PROGRESS": {
        "baseWords": [],
        "count": 0,
      },
      "NEVER_DONE": {
        "baseWords": [
          "pois",
          "que",
          "mas",
          "sim",
          "si",
          "não",
          "adeus",
          "me",
          "só",
          "debaixo",
          "trás",
          "atrás",
          "ao lado de",
          "em cima de",
          "no",
          "entre",
          "antes",
          "depois",
          "hoje",
          "ontem",
          "amanhã",
          "desde",
          "quando",
          "onde",
          "quem",
          "ninguém",
          "toda a gente",
          "próximo",
          "anterior",
          "último",
          "primeiro",
          "segunda-feira",
          "terça-feira",
          "quarta-feira",
          "quinta-feira",
          "sexta-feira",
          "sábado",
          "domingo",
          "único",
          "todos",
          "nenhum",
          "nunca",
          "sempre",
          "algumas vezes",
          "muitas vezes",
          "frequentemente",
          "meio",
          "quarto",
          "inteiro",
          "parte de",
          "eu",
          "tu",
          "ela",
          "ele",
          "eles",
          "nos",
          "Janeiro",
          "Fevereiro",
          "Março",
          "Abril",
          "Maio",
          "Junho",
          "Julho",
          "Agosto",
          "Setembro",
          "Outubro",
          "Novembro",
          "Dezembro",
          "á volta de",
          "perto",
          "longe",
          "e",
          "ou",
          "com",
          "aqui",
          "até",
          "tudo",
          "verdade",
          "sobre",
          "todo",
          "essa",
          "agora",
          "ambos",
          "atenciosamente",
          "bem",
          "cedo",
          "demais",
          "depressa",
          "fora",
          "mesmo",
          "mais",
          "muito",
          "novamente",
          "pacientemente",
          "como se",
          "quanto",
          "quase",
          "rapidamente",
          "se",
          "lentamente",
          "ali",
          "lá",
          "acima",
          "abaixo",
          "dentro",
          "logo",
          "então",
          "ainda",
          "já",
          "apenas",
          "também",
          "mais ou menos",
          "cerca",
          "aproximadamente",
          "talvez",
          "provavelmente",
          "possivelmente",
          "realmente",
          "efetivamente",
          "especialmente",
          "finalmente",
          "geralmente",
          "durante",
          "esquerda",
          "direita",
          "alguém",
          "assim",
          "se calhar",
          "repente",
          "porque",
          "você",
          "sr",
          "senhor",
          "sem",
          "olá",
          "embora",
        ],
        "count": 136,
      },
    },
    "OtherWithGenderTranslation": {
      "DONE": {
        "baseWords": [],
        "count": 0,
      },
      "IN_PROGRESS": {
        "baseWords": [],
        "count": 0,
      },
      "NEVER_DONE": {
        "baseWords": [
          "do",
          "pelo",
          "o",
          "um",
          "no",
          "este",
          "meu",
          "obrigado",
          "esse",
          "aquelo",
          "seu",
          "ao",
          "teu",
          "outro",
        ],
        "count": 14,
      },
    },
    "PolishNounTranslation": {
      "DONE": {
        "baseWords": [],
        "count": 0,
      },
      "IN_PROGRESS": {
        "baseWords": [],
        "count": 0,
      },
      "NEVER_DONE": {
        "baseWords": [],
        "count": 0,
      },
    },
    "PolishOtherTranslation": {
      "DONE": {
        "baseWords": [],
        "count": 0,
      },
      "IN_PROGRESS": {
        "baseWords": [],
        "count": 0,
      },
      "NEVER_DONE": {
        "baseWords": [],
        "count": 0,
      },
    },
    "PolishVerbExercise": {
      "DONE": {
        "baseWords": [],
        "count": 0,
      },
      "IN_PROGRESS": {
        "baseWords": [],
        "count": 0,
      },
      "NEVER_DONE": {
        "baseWords": [],
        "count": 0,
      },
    },
    "PolishVerbTranslation": {
      "DONE": {
        "baseWords": [],
        "count": 0,
      },
      "IN_PROGRESS": {
        "baseWords": [],
        "count": 0,
      },
      "NEVER_DONE": {
        "baseWords": [],
        "count": 0,
      },
    },
    "VerbExercise": {
      "DONE": {
        "baseWords": [
          "saber",
          "conhecer",
        ],
        "count": 2,
      },
      "IN_PROGRESS": {
        "baseWords": [
          "saber",
        ],
        "count": 1,
      },
      "NEVER_DONE": {
        "baseWords": [
          "ser",
          "estar",
          "ir",
          "ter",
          "querer",
          "ver",
          "fazer",
          "saber",
          "ler",
          "dizer",
          "poder",
          "chamar-se",
          "apresentar-se",
          "pôr",
          "pegar",
          "tocar",
          "passear",
          "acontecer",
          "alcançar",
          "aplicar",
          "cair",
          "carregar",
          "chegar",
          "dançar",
          "dar",
          "dormir",
          "explicar",
          "negar",
          "sair",
          "seguir",
          "servir",
          "sugerir",
          "trazer",
          "transformar-se",
          "significar",
          "prover",
          "permanecer",
          "ouvir",
          "pedir",
          "oferecer",
          "obter",
          "brincar",
          "sorrir",
          "subir",
          "rir",
          "trincar",
          "adormecer",
          "fugir",
          "convencer",
          "coçar",
          "piscar",
          "haver",
          "conhecer",
          "descer",
          "aquecer",
          "esquecer",
          "levantar-se",
          "vestir",
          "despir",
          "corrigir",
          "conseguir",
          "sentir",
          "traduzir",
          "preferir",
          "conduzir",
        ],
        "count": 65,
      },
    },
    "VerbTranslation": {
      "DONE": {
        "baseWords": [],
        "count": 0,
      },
      "IN_PROGRESS": {
        "baseWords": [],
        "count": 0,
      },
      "NEVER_DONE": {
        "baseWords": [
          "ser",
          "estar",
          "ir",
          "ter",
          "querer",
          "ver",
          "fazer",
          "saber",
          "ler",
          "dizer",
          "poder",
          "falar",
          "comer",
          "abrir",
          "achar",
          "andar",
          "beber",
          "entrar",
          "morar",
          "olhar",
          "chamar-se",
          "trabalhar",
          "cumprimentar",
          "apresentar-se",
          "encontrar",
          "perguntar",
          "jogar",
          "escrever",
          "compreender",
          "conhecer",
          "resolver",
          "descer",
          "aquecer",
          "viver",
          "correr",
          "aprender",
          "esquecer",
          "usar",
          "almoçar",
          "telefonar",
          "pagar",
          "tomar",
          "ficar",
          "levantar-se",
          "comprar",
          "ensinar",
          "fechar",
          "gostar",
          "começar",
          "lavar",
          "acabar",
          "apanhar",
          "vestir",
          "dividir",
          "despir",
          "corrigir",
          "decidir",
          "conseguir",
          "sentir",
          "traduzir",
          "partir",
          "preferir",
          "discutir",
          "conduzir",
          "permitir",
          "organizar",
          "limpar",
          "pôr",
          "cuidar",
          "mandar",
          "encher",
          "pegar",
          "tocar",
          "ajudar",
          "passear",
          "acreditar",
          "acontecer",
          "adorar",
          "alcançar",
          "alterar",
          "aplicar",
          "assegurar",
          "assinar",
          "aumentar",
          "cair",
          "carregar",
          "chegar",
          "concentrar",
          "continuar",
          "conversar",
          "criar",
          "dançar",
          "dar",
          "definir",
          "determinar",
          "dormir",
          "enviar",
          "esperar",
          "estudar",
          "explicar",
          "fumar",
          "gastar",
          "lembrar",
          "mencionar",
          "mudar",
          "negar",
          "parar",
          "passar",
          "pensar",
          "poupar",
          "preparar",
          "quebrar",
          "realizar",
          "refletir",
          "sair",
          "seguir",
          "servir",
          "sugerir",
          "tentar",
          "virar",
          "vender",
          "trazer",
          "transformar-se",
          "transportar",
          "sofrer",
          "segurar",
          "significar",
          "salvar",
          "sarar",
          "prover",
          "romper",
          "permanecer",
          "precisar",
          "ouvir",
          "pedir",
          "oferecer",
          "obter",
          "ocorrer",
          "mover",
          "mostrar",
          "brincar",
          "viajar",
          "atravessar",
          "promover",
          "casar",
          "levar",
          "agarrar",
          "responder",
          "sorrir",
          "suspirar",
          "nadar",
          "voar",
          "soltar",
          "separar",
          "empurrar",
          "voltar",
          "abanar",
          "gritar",
          "subir",
          "envenenar",
          "cantar",
          "rir",
          "assustar",
          "trincar",
          "sentar",
          "adormecer",
          "acordar",
          "reparar",
          "defender",
          "fugir",
          "convencer",
          "coçar",
          "bater",
          "piscar",
          "deixar",
          "avistar",
          "saltar",
          "mexer",
          "atirar",
          "acertar",
          "puxar",
          "haver",
        ],
        "count": 182,
      },
    },
  },
  "pointsMissing": [
    {
      "baseWord": "saber",
      "incorrectAnswers": 1,
      "pointsMissing": -1,
      "total": 24,
    },
  ],
  "words": {
    "ADJECTIVE": {
      "DONE": {
        "baseWords": [],
        "count": 0,
      },
      "IN_PROGRESS": {
        "baseWords": [],
        "count": 0,
      },
      "NEVER_DONE": {
        "baseWords": [
          "grande",
          "alto",
          "bom",
          "quente",
          "cansado",
          "bonito",
          "velho",
          "triste",
          "responsável",
          "pequeno",
          "novo",
          "longo",
          "forte",
          "fácil",
          "fraco",
          "vazio",
          "cheio",
          "macio",
          "duro",
          "calmo",
          "estragado",
          "estranho",
          "famoso",
          "feliz",
          "frio",
          "gelado",
          "importante",
          "impressionante",
          "juntos",
          "lindo",
          "melhor",
          "mentiroso",
          "simpático",
          "usado",
          "quieto",
          "rápido",
          "pouco",
          "preciso",
          "preguiçoso",
          "perfeito",
          "baixo",
          "feio",
          "lento",
          "curto",
          "estreito",
          "caro",
          "barato",
          "gordo",
          "magro",
          "idoso",
          "pesado",
          "limpo",
          "sujo",
          "seco",
          "molhado",
          "amargo",
          "azedo",
          "salgado",
          "profundo",
          "raso",
          "afiado",
          "cego",
          "surdo",
          "claro",
          "escuro",
          "aventureiro",
          "sério",
          "perigoso",
          "corajoso",
          "desconfiado",
          "atordoado",
          "agradável",
          "vários",
          "castanho",
          "verde",
          "irritado",
          "silencioso",
          "aromático",
          "parecido",
          "saboroso",
          "tonto",
          "sonolento",
          "maldito",
          "chateado",
          "colorido",
          "decorado",
          "ligada",
          "iluminado",
          "peludo",
          "pensativo",
          "ético",
          "desapontado",
          "preso",
        ],
        "count": 93,
      },
    },
    "NOUN": {
      "DONE": {
        "baseWords": [],
        "count": 0,
      },
      "IN_PROGRESS": {
        "baseWords": [],
        "count": 0,
      },
      "NEVER_DONE": {
        "baseWords": [
          "cidade",
          "chá",
          "livro",
          "namorada",
          "tempo",
          "rua",
          "mesa",
          "desporto",
          "jantar",
          "almoço",
          "comida",
          "cozinha",
          "computador",
          "casa-de-banho",
          "aula",
          "ano",
          "mês",
          "semana",
          "sobremesa",
          "bolo",
          "garrafa",
          "galinha",
          "planta",
          "flor",
          "sopa",
          "bebida",
          "água",
          "porta",
          "janela",
          "peixe",
          "queijo",
          "varanda",
          "apartamento",
          "casa",
          "mulher",
          "homem",
          "chão",
          "mãe",
          "pai",
          "banheira",
          "luz",
          "secretária",
          "irmã",
          "irmão",
          "escadas",
          "calculadora",
          "avião",
          "segundo",
          "minuto",
          "barco",
          "navio",
          "casaco",
          "camisola",
          "telemóvel",
          "almofada",
          "cadeira",
          "cabelo",
          "braço",
          "perna",
          "pé",
          "bicicleta",
          "forno",
          "frigideira",
          "lavatório",
          "sanita",
          "faca",
          "colher",
          "garfo",
          "panela",
          "copo",
          "caneca",
          "prato",
          "sofá",
          "quadro",
          "parede",
          "micro-ondas",
          "toalha",
          "sabonete",
          "frigorífico",
          "congelador",
          "caixote do lixo",
          "pasta dos dentes",
          "espelho",
          "guardanapo",
          "taça",
          "caixa",
          "árvore",
          "rapariga",
          "amigo",
          "zero",
          "um",
          "dois",
          "três",
          "quatro",
          "cinco",
          "seis",
          "sete",
          "oito",
          "nove",
          "dez",
          "onze",
          "doze",
          "treze",
          "catorze",
          "quinze",
          "dezasseis",
          "dezassete",
          "dezoito",
          "dezanove",
          "vinte",
          "vinte e um",
          "vinte e dois",
          "vinte e três",
          "trinta",
          "quarenta",
          "cinquenta",
          "sessenta",
          "setenta",
          "oitenta",
          "noventa",
          "cem",
          "vez",
          "coisa",
          "forma",
          "parte",
          "estado",
          "governo",
          "trabalho",
          "grupo",
          "terra",
          "nome",
          "filho",
          "problema",
          "empresa",
          "direito",
          "sistema",
          "região",
          "ponto",
          "fim",
          "lâmpada",
          "prateleira",
          "maquina de lavar",
          "ar",
          "folha",
          "floresta",
          "praia",
          "Páscoa",
          "Natal",
          "conhecimento",
          "espinafre",
          "ginásio",
          "cabo",
          "saco",
          "centro comercial",
          "parque",
          "espaço",
          "pensamento",
          "ideia",
          "aquecedor",
          "decoração",
          "tupperware",
          "contentor",
          "futuro",
          "música",
          "pescoço",
          "umbigo",
          "dedo",
          "nariz",
          "cabeça",
          "dor",
          "tapete",
          "conversa",
          "mensagem",
          "comboio",
          "armário",
          "filme",
          "areia",
          "saúde",
          "piano",
          "persiana",
          "cama",
          "quarto",
          "maça",
          "paz",
          "plano",
          "mel",
          "gengibre",
          "acidente",
          "aeroporto",
          "caminho",
          "carro",
          "carta",
          "causa",
          "acusação",
          "aniversário",
          "arredor",
          "arte",
          "assunto",
          "autor",
          "banho",
          "bola",
          "cachorro",
          "café",
          "caminhada",
          "camião",
          "carga",
          "carteira",
          "colega",
          "condição",
          "contrato",
          "deus",
          "dia",
          "dinheiro",
          "disco",
          "diálogo",
          "fome",
          "fotografia",
          "funcionário",
          "fábrica",
          "gaveta",
          "guitarra",
          "habilidade",
          "história",
          "hora",
          "imposto",
          "informação",
          "instrução",
          "lado",
          "lixo",
          "loiça",
          "língua",
          "manhã",
          "meia",
          "mochila",
          "morango",
          "vestido",
          "vida",
          "visita",
          "volta",
          "vítima",
          "televisão",
          "teoria",
          "teste",
          "texto",
          "universidade",
          "vaga",
          "supermercado",
          "talento",
          "tarde",
          "telefone",
          "sapato",
          "serviço",
          "situação",
          "solução",
          "sugestão",
          "reação",
          "regra",
          "resposta",
          "restaurante",
          "reunião",
          "salário",
          "produto",
          "professora",
          "projeto",
          "prova",
          "prática",
          "preço",
          "pessoa",
          "opinião",
          "pacote",
          "mundo",
          "amor",
          "escola",
          "jardim",
          "animal",
          "família",
          "loja",
          "chave",
          "cor",
          "estação",
          "hotel",
          "autocarro",
          "papel",
          "caneta",
          "verão",
          "inverno",
          "primavera",
          "outono",
          "montanha",
          "rio",
          "pão",
          "vinho",
          "sal",
          "feriado",
          "relógio",
          "fogo",
          "noite",
          "sonho",
          "som",
          "ilha",
          "estrela",
          "coração",
          "praça",
          "mão",
          "ovo",
          "olho",
          "dente",
          "sorriso",
          "céu",
          "nuvem",
          "sentido",
          "número",
          "viagem",
          "mercado",
          "política",
          "entrada",
          "saída",
          "revista",
          "máquina",
          "anel",
          "brinco",
          "prédio",
          "aluno",
          "terraço",
          "gravata",
          "construção",
          "igreja",
          "fazenda",
          "campo",
          "ponte",
          "edifício",
          "escada",
          "poema",
          "museu",
          "pincel",
          "tinta",
          "concerto",
          "fonte",
          "ingrediente",
          "picada",
          "tempestade",
          "reflexo",
          "comércio",
          "diploma",
          "conferência",
          "debate",
          "sala",
          "escritório",
          "mentira",
          "castelo",
          "planeta",
          "biscoito",
          "doce",
          "erva",
          "sombra",
          "voz",
          "rosto",
          "saia",
          "reino",
          "chefe",
          "cavalo",
          "espada",
          "bolsa",
          "ouro",
          "moeda",
          "medo",
          "ordem",
          "envelope",
          "declaração",
          "segurança",
          "margem",
          "sorte",
          "noiva",
          "ruído",
          "corda",
          "telhado",
          "torre",
          "pensão",
          "lobo",
          "vidro",
          "lanterna",
          "horta",
          "legume",
          "fruto",
          "lugar",
          "cesto",
          "corvo",
          "pata",
          "bruxa",
          "ladra",
          "bar",
          "coluna",
          "placa",
          "aranha",
          "gigante",
          "socorro",
          "teia",
          "canto",
          "sinal",
          "conselho",
          "mar",
          "marca",
          "máscara",
          "massa",
          "material",
          "matéria",
          "matriz",
          "memória",
          "método",
          "microfone",
          "milagre",
          "milha",
          "modelo",
          "modo",
          "morte",
          "motivo",
          "motor",
          "movimento",
          "músico",
          "nascimento",
          "necessidade",
          "festa",
          "final",
          "foco",
          "foto",
          "frase",
          "frente",
          "função",
          "fundo",
          "gato",
          "gênero",
          "gosto",
          "graça",
          "gráfico",
          "guerra",
          "guias",
          "hábito",
          "herói",
          "hospital",
          "idade",
          "índice",
          "indivíduo",
          "início",
          "inimigo",
          "instrumento",
          "interesse",
          "investigação",
          "jornal",
          "juiz",
          "lago",
          "lanche",
          "líder",
          "lembrete",
          "limite",
          "lista",
          "lógica",
          "caso",
          "país",
          "momento",
          "nível",
          "processo",
          "estudo",
          "programa",
          "jogo",
          "exemplo",
          "curso",
          "palavra",
          "mapa",
          "companhia",
          "linha",
          "membro",
          "lei",
          "questão",
          "fato",
          "área",
          "atividade",
          "letra",
          "estrada",
          "tipo",
          "criança",
          "imagem",
          "peça",
          "razão",
          "relação",
          "uso",
          "visão",
          "conta",
          "corpo",
          "desejo",
          "destino",
          "direção",
          "doença",
          "dúvida",
          "efeito",
          "emprego",
          "equipe",
          "erro",
          "estilo",
          "estrutura",
          "exame",
          "experiência",
          "explicação",
          "expressão",
          "faculdade",
          "falha",
          "fase",
          "investimento",
          "menino",
          "roda",
          "sentimento",
          "teatro",
          "vantagem",
          "versão",
        ],
        "count": 513,
      },
    },
    "OTHER": {
      "DONE": {
        "baseWords": [],
        "count": 0,
      },
      "IN_PROGRESS": {
        "baseWords": [],
        "count": 0,
      },
      "NEVER_DONE": {
        "baseWords": [
          "do",
          "pelo",
          "o",
          "no",
          "este",
          "meu",
          "obrigado",
          "esse",
          "aquelo",
          "seu",
          "ao",
          "teu",
          "outro",
          "pois",
          "que",
          "mas",
          "sim",
          "si",
          "não",
          "adeus",
          "me",
          "só",
          "debaixo",
          "trás",
          "atrás",
          "ao lado de",
          "em cima de",
          "entre",
          "antes",
          "depois",
          "hoje",
          "ontem",
          "amanhã",
          "desde",
          "quando",
          "onde",
          "quem",
          "ninguém",
          "toda a gente",
          "próximo",
          "anterior",
          "último",
          "primeiro",
          "segunda-feira",
          "terça-feira",
          "quarta-feira",
          "quinta-feira",
          "sexta-feira",
          "sábado",
          "domingo",
          "único",
          "todos",
          "nenhum",
          "nunca",
          "sempre",
          "algumas vezes",
          "muitas vezes",
          "frequentemente",
          "meio",
          "inteiro",
          "parte de",
          "eu",
          "tu",
          "ela",
          "ele",
          "eles",
          "nos",
          "Janeiro",
          "Fevereiro",
          "Março",
          "Abril",
          "Maio",
          "Junho",
          "Julho",
          "Agosto",
          "Setembro",
          "Outubro",
          "Novembro",
          "Dezembro",
          "á volta de",
          "perto",
          "longe",
          "e",
          "ou",
          "com",
          "aqui",
          "até",
          "tudo",
          "verdade",
          "sobre",
          "todo",
          "essa",
          "agora",
          "ambos",
          "atenciosamente",
          "bem",
          "cedo",
          "demais",
          "depressa",
          "fora",
          "mesmo",
          "mais",
          "muito",
          "novamente",
          "pacientemente",
          "como se",
          "quanto",
          "quase",
          "rapidamente",
          "se",
          "lentamente",
          "ali",
          "lá",
          "acima",
          "abaixo",
          "dentro",
          "logo",
          "então",
          "ainda",
          "já",
          "apenas",
          "também",
          "mais ou menos",
          "cerca",
          "aproximadamente",
          "talvez",
          "provavelmente",
          "possivelmente",
          "realmente",
          "efetivamente",
          "especialmente",
          "finalmente",
          "geralmente",
          "durante",
          "esquerda",
          "direita",
          "alguém",
          "assim",
          "se calhar",
          "repente",
          "porque",
          "você",
          "sr",
          "senhor",
          "sem",
          "olá",
          "embora",
        ],
        "count": 147,
      },
    },
    "VERB": {
      "DONE": {
        "baseWords": [],
        "count": 0,
      },
      "IN_PROGRESS": {
        "baseWords": [
          "saber",
          "conhecer",
        ],
        "count": 2,
      },
      "NEVER_DONE": {
        "baseWords": [
          "ser",
          "estar",
          "ir",
          "ter",
          "querer",
          "ver",
          "fazer",
          "ler",
          "dizer",
          "poder",
          "chamar-se",
          "apresentar-se",
          "pôr",
          "pegar",
          "tocar",
          "passear",
          "acontecer",
          "alcançar",
          "aplicar",
          "cair",
          "carregar",
          "chegar",
          "dançar",
          "dar",
          "dormir",
          "explicar",
          "negar",
          "sair",
          "seguir",
          "servir",
          "sugerir",
          "trazer",
          "transformar-se",
          "significar",
          "prover",
          "permanecer",
          "ouvir",
          "pedir",
          "oferecer",
          "obter",
          "brincar",
          "sorrir",
          "subir",
          "rir",
          "trincar",
          "adormecer",
          "fugir",
          "convencer",
          "coçar",
          "piscar",
          "haver",
          "descer",
          "aquecer",
          "esquecer",
          "levantar-se",
          "vestir",
          "despir",
          "corrigir",
          "conseguir",
          "sentir",
          "traduzir",
          "preferir",
          "conduzir",
          "falar",
          "comer",
          "abrir",
          "achar",
          "andar",
          "beber",
          "entrar",
          "morar",
          "olhar",
          "trabalhar",
          "cumprimentar",
          "encontrar",
          "perguntar",
          "jogar",
          "escrever",
          "compreender",
          "resolver",
          "viver",
          "correr",
          "aprender",
          "usar",
          "almoçar",
          "telefonar",
          "pagar",
          "tomar",
          "ficar",
          "comprar",
          "ensinar",
          "fechar",
          "gostar",
          "começar",
          "lavar",
          "acabar",
          "apanhar",
          "dividir",
          "decidir",
          "partir",
          "discutir",
          "permitir",
          "organizar",
          "limpar",
          "cuidar",
          "mandar",
          "encher",
          "ajudar",
          "acreditar",
          "adorar",
          "alterar",
          "assegurar",
          "assinar",
          "aumentar",
          "concentrar",
          "continuar",
          "conversar",
          "criar",
          "definir",
          "determinar",
          "enviar",
          "esperar",
          "estudar",
          "fumar",
          "gastar",
          "lembrar",
          "mencionar",
          "mudar",
          "parar",
          "passar",
          "pensar",
          "poupar",
          "preparar",
          "quebrar",
          "realizar",
          "refletir",
          "tentar",
          "virar",
          "vender",
          "transportar",
          "sofrer",
          "segurar",
          "salvar",
          "sarar",
          "romper",
          "precisar",
          "ocorrer",
          "mover",
          "mostrar",
          "viajar",
          "atravessar",
          "promover",
          "casar",
          "levar",
          "agarrar",
          "responder",
          "suspirar",
          "nadar",
          "voar",
          "soltar",
          "separar",
          "empurrar",
          "voltar",
          "abanar",
          "gritar",
          "envenenar",
          "cantar",
          "assustar",
          "sentar",
          "acordar",
          "reparar",
          "defender",
          "bater",
          "deixar",
          "avistar",
          "saltar",
          "mexer",
          "atirar",
          "acertar",
          "puxar",
        ],
        "count": 180,
      },
    },
  },
}
`;
